ARM Linker, 5.03 [Build 76] [MDK-ARM Lite]

==============================================================================

Section Cross References

    startup_stm32f051.o(STACK) refers (Special) to heapauxi.o(.text) for __use_two_region_memory
    startup_stm32f051.o(HEAP) refers (Special) to heapauxi.o(.text) for __use_two_region_memory
    startup_stm32f051.o(RESET) refers (Special) to heapauxi.o(.text) for __use_two_region_memory
    startup_stm32f051.o(RESET) refers to startup_stm32f051.o(STACK) for __initial_sp
    startup_stm32f051.o(RESET) refers to startup_stm32f051.o(.text) for Reset_Handler
    startup_stm32f051.o(RESET) refers to util.o(.text) for SysTick_Handler
    startup_stm32f051.o(RESET) refers to serial.o(.text) for USART1_IRQHandler
    startup_stm32f051.o(.text) refers (Special) to heapauxi.o(.text) for __use_two_region_memory
    startup_stm32f051.o(.text) refers to system_stm32f0xx.o(.text) for SystemInit
    startup_stm32f051.o(.text) refers to __main.o(!!!main) for __main
    startup_stm32f051.o(.text) refers to startup_stm32f051.o(HEAP) for Heap_Mem
    startup_stm32f051.o(.text) refers to startup_stm32f051.o(STACK) for Stack_Mem
    system_stm32f0xx.o(.text) refers to aeabi_sdiv.o(.text) for __aeabi_uidivmod
    system_stm32f0xx.o(.text) refers to system_stm32f0xx.o(.data) for SystemCoreClock
    stm32f0xx_tim.o(.text) refers to stm32f0xx_rcc.o(.text) for RCC_APB2PeriphResetCmd
    stm32f0xx_rcc.o(.text) refers to aeabi_sdiv.o(.text) for __aeabi_uidivmod
    stm32f0xx_rcc.o(.text) refers to stm32f0xx_rcc.o(.data) for APBAHBPrescTable
    stm32f0xx_gpio.o(.text) refers to stm32f0xx_rcc.o(.text) for RCC_AHBPeriphResetCmd
    stm32f0xx_usart.o(.text) refers to stm32f0xx_rcc.o(.text) for RCC_APB2PeriphResetCmd
    stm32f0xx_usart.o(.text) refers to aeabi_sdiv.o(.text) for __aeabi_uidivmod
    main.o(.text) refers to _printf_percent.o(.ARM.Collect$$_printf_percent$$00000000) for _printf_percent
    main.o(.text) refers to _printf_d.o(.ARM.Collect$$_printf_percent$$00000009) for _printf_d
    main.o(.text) refers to _printf_dec.o(.text) for _printf_int_dec
    main.o(.text) refers to util.o(.text) for timebase_config
    main.o(.text) refers to soniclib.o(.text) for platformConfig
    main.o(.text) refers to serial.o(.text) for SERIAL_config
    main.o(.text) refers to noretval__2sprintf.o(.text) for __2sprintf
    util.o(.text) refers to aeabi_sdiv.o(.text) for __aeabi_uidivmod
    util.o(.text) refers to util.o(.data) for Tick
    util.o(.text) refers to system_stm32f0xx.o(.data) for SystemCoreClock
    soniclib.o(.text) refers to stm32f0xx_gpio.o(.text) for GPIO_Init
    soniclib.o(.text) refers to stm32f0xx_tim.o(.text) for TIM_SetCounter
    soniclib.o(.text) refers to dflti.o(.text) for __aeabi_ui2d
    soniclib.o(.text) refers to dmul.o(.text) for __aeabi_dmul
    soniclib.o(.text) refers to daddsub.o(.text) for __aeabi_dadd
    soniclib.o(.text) refers to dfixui.o(.text) for __aeabi_d2uiz
    soniclib.o(.text) refers to stm32f0xx_rcc.o(.text) for RCC_AHBPeriphClockCmd
    soniclib.o(.text) refers to aeabi_sdiv.o(.text) for __aeabi_uidivmod
    soniclib.o(.text) refers to soniclib.o(.data) for GPIO_InitStructure
    soniclib.o(.text) refers to system_stm32f0xx.o(.data) for SystemCoreClock
    soniclib.o(.text) refers to soniclib.o(.bss) for T
    serial.o(.text) refers to stm32f0xx_rcc.o(.text) for RCC_AHBPeriphClockCmd
    serial.o(.text) refers to stm32f0xx_gpio.o(.text) for GPIO_PinAFConfig
    serial.o(.text) refers to stm32f0xx_usart.o(.text) for USART_Init
    serial.o(.text) refers to stm32f0xx_misc.o(.text) for NVIC_Init
    serial.o(.text) refers to strcmp.o(.text) for strcmp
    serial.o(.text) refers to serial.o(.bss) for _rx_buffer
    serial.o(.text) refers to serial.o(.data) for transmitting
    __2sprintf.o(.text) refers to _printf_char_common.o(.text) for _printf_char_common
    __2sprintf.o(.text) refers to _sputc.o(.text) for _sputc
    noretval__2sprintf.o(.text) refers to _printf_char_common.o(.text) for _printf_char_common
    noretval__2sprintf.o(.text) refers to _sputc.o(.text) for _sputc
    __printf.o(.text) refers to _printf_percent.o(.ARM.Collect$$_printf_percent$$00000000) for _printf_percent
    _printf_dec.o(.text) refers to rtudiv10.o(.text) for __rt_udiv10
    _printf_dec.o(.text) refers to _printf_intcommon.o(.text) for _printf_int_common
    __printf_flags.o(.text) refers to _printf_percent.o(.ARM.Collect$$_printf_percent$$00000000) for _printf_percent
    __printf_flags.o(.text) refers to __printf_flags.o(.constdata) for .constdata
    __printf_ss.o(.text) refers to _printf_percent.o(.ARM.Collect$$_printf_percent$$00000000) for _printf_percent
    __printf_flags_ss.o(.text) refers to _printf_percent.o(.ARM.Collect$$_printf_percent$$00000000) for _printf_percent
    __printf_flags_ss.o(.text) refers to __printf_flags_ss.o(.constdata) for .constdata
    __printf_wp.o(.text) refers to __printf_wp.o(i._is_digit) for _is_digit
    __printf_wp.o(.text) refers to _printf_percent.o(.ARM.Collect$$_printf_percent$$00000000) for _printf_percent
    __printf_flags_wp.o(.text) refers to __printf_wp.o(i._is_digit) for _is_digit
    __printf_flags_wp.o(.text) refers to _printf_percent.o(.ARM.Collect$$_printf_percent$$00000000) for _printf_percent
    __printf_flags_wp.o(.text) refers to __printf_flags_wp.o(.constdata) for .constdata
    __printf_ss_wp.o(.text) refers to __printf_wp.o(i._is_digit) for _is_digit
    __printf_ss_wp.o(.text) refers to _printf_percent.o(.ARM.Collect$$_printf_percent$$00000000) for _printf_percent
    __printf_flags_ss_wp.o(.text) refers to __printf_wp.o(i._is_digit) for _is_digit
    __printf_flags_ss_wp.o(.text) refers to _printf_percent.o(.ARM.Collect$$_printf_percent$$00000000) for _printf_percent
    __printf_flags_ss_wp.o(.text) refers to __printf_flags_ss_wp.o(.constdata) for .constdata
    _printf_d.o(.ARM.Collect$$_printf_percent$$00000009) refers (Weak) to _printf_dec.o(.text) for _printf_int_dec
    _printf_percent.o(.ARM.Collect$$_printf_percent$$00000000) refers (Special) to _printf_percent_end.o(.ARM.Collect$$_printf_percent$$00000017) for _printf_percent_end
    __main.o(!!!main) refers to rtentry.o(.ARM.Collect$$rtentry$$00000000) for __rt_entry
    daddsub.o(.text) refers (Special) to usenofp.o(x$fpl$usenofp) for __I$use$fp
    dfixui.o(.text) refers (Special) to usenofp.o(x$fpl$usenofp) for __I$use$fp
    dflti.o(.text) refers (Special) to usenofp.o(x$fpl$usenofp) for __I$use$fp
    dmul.o(.text) refers (Special) to usenofp.o(x$fpl$usenofp) for __I$use$fp
    rtentry.o(.ARM.Collect$$rtentry$$00000000) refers (Special) to rtentry2.o(.ARM.Collect$$rtentry$$0000000A) for __rt_entry_li
    rtentry.o(.ARM.Collect$$rtentry$$00000000) refers (Special) to rtentry2.o(.ARM.Collect$$rtentry$$0000000D) for __rt_entry_main
    rtentry.o(.ARM.Collect$$rtentry$$00000000) refers (Special) to rtentry2.o(.ARM.Collect$$rtentry$$0000000C) for __rt_entry_postli_1
    rtentry.o(.ARM.Collect$$rtentry$$00000000) refers (Special) to rtentry2.o(.ARM.Collect$$rtentry$$00000009) for __rt_entry_postsh_1
    rtentry.o(.ARM.Collect$$rtentry$$00000000) refers (Special) to rtentry2.o(.ARM.Collect$$rtentry$$00000002) for __rt_entry_presh_1
    rtentry.o(.ARM.Collect$$rtentry$$00000000) refers (Special) to rtentry4.o(.ARM.Collect$$rtentry$$00000004) for __rt_entry_sh
    aeabi_idiv0_sigfpe.o(.text) refers to rt_div0.o(.text) for __rt_div0
    _printf_char_common.o(.text) refers to __printf.o(.text) for __printf
    rtentry2.o(.ARM.Collect$$rtentry$$00000008) refers to boardinit2.o(.text) for _platform_post_stackheap_init
    rtentry2.o(.ARM.Collect$$rtentry$$0000000A) refers to libinit.o(.ARM.Collect$$libinit$$00000000) for __rt_lib_init
    rtentry2.o(.ARM.Collect$$rtentry$$0000000B) refers to boardinit3.o(.text) for _platform_post_lib_init
    rtentry2.o(.ARM.Collect$$rtentry$$0000000D) refers to main.o(.text) for main
    rtentry2.o(.ARM.Collect$$rtentry$$0000000D) refers to exit.o(.text) for exit
    rtentry2.o(.ARM.exidx) refers to rtentry2.o(.ARM.Collect$$rtentry$$00000001) for .ARM.Collect$$rtentry$$00000001
    rtentry2.o(.ARM.exidx) refers to rtentry2.o(.ARM.Collect$$rtentry$$00000008) for .ARM.Collect$$rtentry$$00000008
    rtentry2.o(.ARM.exidx) refers to rtentry2.o(.ARM.Collect$$rtentry$$0000000A) for .ARM.Collect$$rtentry$$0000000A
    rtentry2.o(.ARM.exidx) refers to rtentry2.o(.ARM.Collect$$rtentry$$0000000B) for .ARM.Collect$$rtentry$$0000000B
    rtentry2.o(.ARM.exidx) refers to rtentry2.o(.ARM.Collect$$rtentry$$0000000D) for .ARM.Collect$$rtentry$$0000000D
    rtentry4.o(.ARM.Collect$$rtentry$$00000004) refers to sys_stackheap_outer.o(.text) for __user_setup_stackheap
    rtentry4.o(.ARM.exidx) refers to rtentry4.o(.ARM.Collect$$rtentry$$00000004) for .ARM.Collect$$rtentry$$00000004
    rt_div0.o(.text) refers to defsig_fpe_outer.o(.text) for __rt_SIGFPE
    sys_stackheap_outer.o(.text) refers to libspace.o(.text) for __user_perproc_libspace
    sys_stackheap_outer.o(.text) refers to startup_stm32f051.o(.text) for __user_initial_stackheap
    sys_stackheap_outer.o(__vectab_stack_and_reset_area) refers to tempstk.o(.text) for __temporary_stack_top
    sys_stackheap_outer.o(__vectab_stack_and_reset_area) refers to __main.o(!!!main) for __main
    exit.o(.text) refers to rtexit.o(.ARM.Collect$$rtexit$$00000000) for __rt_exit
    defsig_fpe_outer.o(.text) refers to defsig_fpe_inner.o(.text) for __rt_SIGFPE_inner
    defsig_fpe_outer.o(.text) refers to defsig_exit.o(.text) for __sig_exit
    defsig_fpe_formal.o(.text) refers to rt_raise.o(.text) for __rt_raise
    libinit.o(.ARM.Collect$$libinit$$00000000) refers (Special) to libinit2.o(.ARM.Collect$$libinit$$0000002C) for __rt_lib_init_alloca_1
    libinit.o(.ARM.Collect$$libinit$$00000000) refers (Special) to libinit2.o(.ARM.Collect$$libinit$$0000002A) for __rt_lib_init_argv_1
    libinit.o(.ARM.Collect$$libinit$$00000000) refers (Special) to libinit2.o(.ARM.Collect$$libinit$$00000019) for __rt_lib_init_atexit_1
    libinit.o(.ARM.Collect$$libinit$$00000000) refers (Special) to libinit2.o(.ARM.Collect$$libinit$$0000001F) for __rt_lib_init_clock_1
    libinit.o(.ARM.Collect$$libinit$$00000000) refers (Special) to libinit2.o(.ARM.Collect$$libinit$$00000030) for __rt_lib_init_cpp_1
    libinit.o(.ARM.Collect$$libinit$$00000000) refers (Special) to libinit2.o(.ARM.Collect$$libinit$$0000002E) for __rt_lib_init_exceptions_1
    libinit.o(.ARM.Collect$$libinit$$00000000) refers (Special) to libinit2.o(.ARM.Collect$$libinit$$00000001) for __rt_lib_init_fp_1
    libinit.o(.ARM.Collect$$libinit$$00000000) refers (Special) to libinit2.o(.ARM.Collect$$libinit$$0000001D) for __rt_lib_init_fp_trap_1
    libinit.o(.ARM.Collect$$libinit$$00000000) refers (Special) to libinit2.o(.ARM.Collect$$libinit$$00000021) for __rt_lib_init_getenv_1
    libinit.o(.ARM.Collect$$libinit$$00000000) refers (Special) to libinit2.o(.ARM.Collect$$libinit$$00000008) for __rt_lib_init_heap_1
    libinit.o(.ARM.Collect$$libinit$$00000000) refers (Special) to libinit2.o(.ARM.Collect$$libinit$$0000000F) for __rt_lib_init_lc_collate_1
    libinit.o(.ARM.Collect$$libinit$$00000000) refers (Special) to libinit2.o(.ARM.Collect$$libinit$$00000011) for __rt_lib_init_lc_ctype_1
    libinit.o(.ARM.Collect$$libinit$$00000000) refers (Special) to libinit2.o(.ARM.Collect$$libinit$$00000013) for __rt_lib_init_lc_monetary_1
    libinit.o(.ARM.Collect$$libinit$$00000000) refers (Special) to libinit2.o(.ARM.Collect$$libinit$$00000015) for __rt_lib_init_lc_numeric_1
    libinit.o(.ARM.Collect$$libinit$$00000000) refers (Special) to libinit2.o(.ARM.Collect$$libinit$$00000017) for __rt_lib_init_lc_time_1
    libinit.o(.ARM.Collect$$libinit$$00000000) refers (Special) to libinit2.o(.ARM.Collect$$libinit$$0000000C) for __rt_lib_init_rand_1
    libinit.o(.ARM.Collect$$libinit$$00000000) refers (Special) to libinit2.o(.ARM.Collect$$libinit$$00000031) for __rt_lib_init_return
    libinit.o(.ARM.Collect$$libinit$$00000000) refers (Special) to libinit2.o(.ARM.Collect$$libinit$$0000001B) for __rt_lib_init_signal_1
    libinit.o(.ARM.Collect$$libinit$$00000000) refers (Special) to libinit2.o(.ARM.Collect$$libinit$$00000023) for __rt_lib_init_stdio_1
    libinit.o(.ARM.Collect$$libinit$$00000000) refers (Special) to libinit2.o(.ARM.Collect$$libinit$$0000000A) for __rt_lib_init_user_alloc_1
    libspace.o(.text) refers to libspace.o(.bss) for __libspace_start
    rtexit.o(.ARM.Collect$$rtexit$$00000000) refers (Special) to rtexit2.o(.ARM.Collect$$rtexit$$00000004) for __rt_exit_exit
    rtexit.o(.ARM.Collect$$rtexit$$00000000) refers (Special) to rtexit2.o(.ARM.Collect$$rtexit$$00000003) for __rt_exit_ls
    rtexit.o(.ARM.Collect$$rtexit$$00000000) refers (Special) to rtexit2.o(.ARM.Collect$$rtexit$$00000002) for __rt_exit_prels_1
    rtexit.o(.ARM.exidx) refers (Special) to rtexit2.o(.ARM.Collect$$rtexit$$00000004) for __rt_exit_exit
    rtexit.o(.ARM.exidx) refers (Special) to rtexit2.o(.ARM.Collect$$rtexit$$00000003) for __rt_exit_ls
    rtexit.o(.ARM.exidx) refers (Special) to rtexit2.o(.ARM.Collect$$rtexit$$00000002) for __rt_exit_prels_1
    rtexit.o(.ARM.exidx) refers to rtexit.o(.ARM.Collect$$rtexit$$00000000) for .ARM.Collect$$rtexit$$00000000
    rt_raise.o(.text) refers to __raise.o(.text) for __raise
    rt_raise.o(.text) refers to sys_exit.o(.text) for _sys_exit
    defsig_exit.o(.text) refers to sys_exit.o(.text) for _sys_exit
    defsig_fpe_inner.o(.text) refers to defsig_general.o(.text) for __default_signal_display
    libinit2.o(.ARM.Collect$$libinit$$0000000E) refers to libinit2.o(.ARM.Collect$$libinit$$0000000D) for .ARM.Collect$$libinit$$0000000D
    libinit2.o(.ARM.Collect$$libinit$$00000010) refers to libinit2.o(.ARM.Collect$$libinit$$0000000D) for .ARM.Collect$$libinit$$0000000D
    libinit2.o(.ARM.Collect$$libinit$$00000012) refers to libinit2.o(.ARM.Collect$$libinit$$0000000D) for .ARM.Collect$$libinit$$0000000D
    libinit2.o(.ARM.Collect$$libinit$$00000014) refers to libinit2.o(.ARM.Collect$$libinit$$0000000D) for .ARM.Collect$$libinit$$0000000D
    libinit2.o(.ARM.Collect$$libinit$$00000016) refers to libinit2.o(.ARM.Collect$$libinit$$0000000D) for .ARM.Collect$$libinit$$0000000D
    libinit2.o(.ARM.Collect$$libinit$$00000024) refers to argv_veneer.o(.text) for __ARM_argv_veneer
    libinit2.o(.ARM.Collect$$libinit$$00000025) refers to argv_veneer.o(.text) for __ARM_argv_veneer
    sys_exit.o(.text) refers (Special) to use_no_semi.o(.text) for __I$use$semihosting
    sys_exit.o(.text) refers (Special) to indicate_semi.o(.text) for __semihosting_library_function
    rtexit2.o(.ARM.Collect$$rtexit$$00000003) refers to libshutdown.o(.ARM.Collect$$libshutdown$$00000000) for __rt_lib_shutdown
    rtexit2.o(.ARM.Collect$$rtexit$$00000004) refers to sys_exit.o(.text) for _sys_exit
    rtexit2.o(.ARM.exidx) refers to rtexit2.o(.ARM.Collect$$rtexit$$00000001) for .ARM.Collect$$rtexit$$00000001
    rtexit2.o(.ARM.exidx) refers to rtexit2.o(.ARM.Collect$$rtexit$$00000003) for .ARM.Collect$$rtexit$$00000003
    rtexit2.o(.ARM.exidx) refers to rtexit2.o(.ARM.Collect$$rtexit$$00000004) for .ARM.Collect$$rtexit$$00000004
    __raise.o(.text) refers to defsig.o(CL$$defsig) for __default_signal_handler
    defsig_general.o(.text) refers to sys_wrch.o(.text) for _ttywrch
    sys_wrch.o(.text) refers (Special) to use_no_semi.o(.text) for __I$use$semihosting
    sys_wrch.o(.text) refers (Special) to indicate_semi.o(.text) for __semihosting_library_function
    defsig.o(CL$$defsig) refers to defsig_fpe_inner.o(.text) for __rt_SIGFPE_inner
    defsig.o(CL$$defsig) refers to defsig_rtmem_inner.o(.text) for __rt_SIGRTMEM_inner
    _get_argv_nomalloc.o(.text) refers (Special) to hrguard.o(.text) for __heap_region$guard
    _get_argv_nomalloc.o(.text) refers to defsig_rtmem_outer.o(.text) for __rt_SIGRTMEM
    _get_argv_nomalloc.o(.text) refers to sys_command.o(.text) for _sys_command_string
    libshutdown.o(.ARM.Collect$$libshutdown$$00000000) refers (Special) to libshutdown2.o(.ARM.Collect$$libshutdown$$00000006) for __rt_lib_shutdown_fp_trap_1
    libshutdown.o(.ARM.Collect$$libshutdown$$00000000) refers (Special) to libshutdown2.o(.ARM.Collect$$libshutdown$$0000000E) for __rt_lib_shutdown_heap_1
    libshutdown.o(.ARM.Collect$$libshutdown$$00000000) refers (Special) to libshutdown2.o(.ARM.Collect$$libshutdown$$0000000F) for __rt_lib_shutdown_return
    libshutdown.o(.ARM.Collect$$libshutdown$$00000000) refers (Special) to libshutdown2.o(.ARM.Collect$$libshutdown$$00000009) for __rt_lib_shutdown_signal_1
    libshutdown.o(.ARM.Collect$$libshutdown$$00000000) refers (Special) to libshutdown2.o(.ARM.Collect$$libshutdown$$00000003) for __rt_lib_shutdown_stdio_1
    libshutdown.o(.ARM.Collect$$libshutdown$$00000000) refers (Special) to libshutdown2.o(.ARM.Collect$$libshutdown$$0000000B) for __rt_lib_shutdown_user_alloc_1
    sys_command.o(.text) refers (Special) to use_no_semi.o(.text) for __I$use$semihosting
    sys_command.o(.text) refers (Special) to indicate_semi.o(.text) for __semihosting_library_function
    defsig_abrt_inner.o(.text) refers to defsig_general.o(.text) for __default_signal_display
    defsig_rtred_inner.o(.text) refers to defsig_general.o(.text) for __default_signal_display
    defsig_rtmem_inner.o(.text) refers to defsig_general.o(.text) for __default_signal_display
    defsig_rtmem_outer.o(.text) refers to defsig_rtmem_inner.o(.text) for __rt_SIGRTMEM_inner
    defsig_rtmem_outer.o(.text) refers to defsig_exit.o(.text) for __sig_exit
    defsig_rtmem_formal.o(.text) refers to rt_raise.o(.text) for __rt_raise
    defsig_stak_inner.o(.text) refers to defsig_general.o(.text) for __default_signal_display
    defsig_pvfn_inner.o(.text) refers to defsig_general.o(.text) for __default_signal_display
    defsig_cppl_inner.o(.text) refers to defsig_general.o(.text) for __default_signal_display
    defsig_segv_inner.o(.text) refers to defsig_general.o(.text) for __default_signal_display
    defsig_other.o(.text) refers to defsig_general.o(.text) for __default_signal_display


==============================================================================

Removing Unused input sections from the image.

    Removing system_stm32f0xx.o(.rev16_text), (4 bytes).
    Removing system_stm32f0xx.o(.revsh_text), (4 bytes).
    Removing stm32f0xx_tim.o(.rev16_text), (4 bytes).
    Removing stm32f0xx_tim.o(.revsh_text), (4 bytes).
    Removing stm32f0xx_misc.o(.rev16_text), (4 bytes).
    Removing stm32f0xx_misc.o(.revsh_text), (4 bytes).
    Removing stm32f0xx_rcc.o(.rev16_text), (4 bytes).
    Removing stm32f0xx_rcc.o(.revsh_text), (4 bytes).
    Removing stm32f0xx_gpio.o(.rev16_text), (4 bytes).
    Removing stm32f0xx_gpio.o(.revsh_text), (4 bytes).
    Removing stm32f0xx_usart.o(.rev16_text), (4 bytes).
    Removing stm32f0xx_usart.o(.revsh_text), (4 bytes).
    Removing main.o(.rev16_text), (4 bytes).
    Removing main.o(.revsh_text), (4 bytes).
    Removing util.o(.rev16_text), (4 bytes).
    Removing util.o(.revsh_text), (4 bytes).
    Removing soniclib.o(.rev16_text), (4 bytes).
    Removing soniclib.o(.revsh_text), (4 bytes).
    Removing serial.o(.rev16_text), (4 bytes).
    Removing serial.o(.revsh_text), (4 bytes).

20 unused section(s) (total 80 bytes) removed from the image.

==============================================================================

Image Symbol Table

    Local Symbols

    Symbol Name                              Value     Ov Type        Size  Object(Section)

    ../clib/angel/boardlib.s                 0x00000000   Number         0  boardshut.o ABSOLUTE
    ../clib/angel/boardlib.s                 0x00000000   Number         0  boardinit1.o ABSOLUTE
    ../clib/angel/boardlib.s                 0x00000000   Number         0  boardinit3.o ABSOLUTE
    ../clib/angel/boardlib.s                 0x00000000   Number         0  boardinit2.o ABSOLUTE
    ../clib/angel/handlers.s                 0x00000000   Number         0  __scatter_copy.o ABSOLUTE
    ../clib/angel/handlers.s                 0x00000000   Number         0  __scatter_zi.o ABSOLUTE
    ../clib/angel/kernel.s                   0x00000000   Number         0  rtentry.o ABSOLUTE
    ../clib/angel/kernel.s                   0x00000000   Number         0  rtentry4.o ABSOLUTE
    ../clib/angel/kernel.s                   0x00000000   Number         0  rtexit2.o ABSOLUTE
    ../clib/angel/kernel.s                   0x00000000   Number         0  rtexit.o ABSOLUTE
    ../clib/angel/kernel.s                   0x00000000   Number         0  rtentry2.o ABSOLUTE
    ../clib/angel/rt.s                       0x00000000   Number         0  rt_raise.o ABSOLUTE
    ../clib/angel/rt.s                       0x00000000   Number         0  rt_div0.o ABSOLUTE
    ../clib/angel/rt.s                       0x00000000   Number         0  aeabi_idiv0_sigfpe.o ABSOLUTE
    ../clib/angel/rt.s                       0x00000000   Number         0  aeabi_idiv0.o ABSOLUTE
    ../clib/angel/scatterp.s                 0x00000000   Number         0  __scatter.o ABSOLUTE
    ../clib/angel/startup.s                  0x00000000   Number         0  __main.o ABSOLUTE
    ../clib/angel/sys.s                      0x00000000   Number         0  sys_stackheap_outer.o ABSOLUTE
    ../clib/angel/sys.s                      0x00000000   Number         0  tempstk.o ABSOLUTE
    ../clib/angel/sys.s                      0x00000000   Number         0  libspace.o ABSOLUTE
    ../clib/angel/sys.s                      0x00000000   Number         0  indicate_semi.o ABSOLUTE
    ../clib/angel/sys.s                      0x00000000   Number         0  use_no_semi.o ABSOLUTE
    ../clib/angel/sysapp.c                   0x00000000   Number         0  sys_wrch.o ABSOLUTE
    ../clib/angel/sysapp.c                   0x00000000   Number         0  sys_exit.o ABSOLUTE
    ../clib/angel/sysapp.c                   0x00000000   Number         0  sys_command.o ABSOLUTE
    ../clib/armsys.c                         0x00000000   Number         0  no_argv.o ABSOLUTE
    ../clib/armsys.c                         0x00000000   Number         0  _get_argv_nomalloc.o ABSOLUTE
    ../clib/armsys.c                         0x00000000   Number         0  argv_veneer.o ABSOLUTE
    ../clib/division.c                       0x00000000   Number         0  rtudiv10.o ABSOLUTE
    ../clib/division.s                       0x00000000   Number         0  aeabi_sdiv_div0.o ABSOLUTE
    ../clib/division.s                       0x00000000   Number         0  aeabi_sdiv.o ABSOLUTE
    ../clib/heapalloc.c                      0x00000000   Number         0  hrguard.o ABSOLUTE
    ../clib/heapaux.c                        0x00000000   Number         0  heapauxi.o ABSOLUTE
    ../clib/libinit.s                        0x00000000   Number         0  libshutdown.o ABSOLUTE
    ../clib/libinit.s                        0x00000000   Number         0  libshutdown2.o ABSOLUTE
    ../clib/libinit.s                        0x00000000   Number         0  libinit2.o ABSOLUTE
    ../clib/libinit.s                        0x00000000   Number         0  libinit.o ABSOLUTE
    ../clib/printf.c                         0x00000000   Number         0  __printf_ss.o ABSOLUTE
    ../clib/printf.c                         0x00000000   Number         0  _sputc.o ABSOLUTE
    ../clib/printf.c                         0x00000000   Number         0  noretval__2sprintf.o ABSOLUTE
    ../clib/printf.c                         0x00000000   Number         0  __printf_flags.o ABSOLUTE
    ../clib/printf.c                         0x00000000   Number         0  _printf_dec.o ABSOLUTE
    ../clib/printf.c                         0x00000000   Number         0  __printf.o ABSOLUTE
    ../clib/printf.c                         0x00000000   Number         0  __2sprintf.o ABSOLUTE
    ../clib/printf.c                         0x00000000   Number         0  _printf_char_common.o ABSOLUTE
    ../clib/printf.c                         0x00000000   Number         0  __printf_flags_ss_wp.o ABSOLUTE
    ../clib/printf.c                         0x00000000   Number         0  _printf_intcommon.o ABSOLUTE
    ../clib/printf.c                         0x00000000   Number         0  __printf_nopercent.o ABSOLUTE
    ../clib/printf.c                         0x00000000   Number         0  __printf_ss_wp.o ABSOLUTE
    ../clib/printf.c                         0x00000000   Number         0  __printf_flags_wp.o ABSOLUTE
    ../clib/printf.c                         0x00000000   Number         0  __printf_wp.o ABSOLUTE
    ../clib/printf.c                         0x00000000   Number         0  __printf_flags_ss.o ABSOLUTE
    ../clib/printf_percent.s                 0x00000000   Number         0  _printf_d.o ABSOLUTE
    ../clib/printf_percent.s                 0x00000000   Number         0  _printf_percent_end.o ABSOLUTE
    ../clib/printf_percent.s                 0x00000000   Number         0  _printf_percent.o ABSOLUTE
    ../clib/signal.c                         0x00000000   Number         0  defsig_stak_inner.o ABSOLUTE
    ../clib/signal.c                         0x00000000   Number         0  defsig_other.o ABSOLUTE
    ../clib/signal.c                         0x00000000   Number         0  defsig_segv_inner.o ABSOLUTE
    ../clib/signal.c                         0x00000000   Number         0  defsig_cppl_inner.o ABSOLUTE
    ../clib/signal.c                         0x00000000   Number         0  __raise.o ABSOLUTE
    ../clib/signal.c                         0x00000000   Number         0  defsig_fpe_inner.o ABSOLUTE
    ../clib/signal.c                         0x00000000   Number         0  defsig_general.o ABSOLUTE
    ../clib/signal.c                         0x00000000   Number         0  defsig_exit.o ABSOLUTE
    ../clib/signal.c                         0x00000000   Number         0  defsig_abrt_inner.o ABSOLUTE
    ../clib/signal.c                         0x00000000   Number         0  defsig_rtred_inner.o ABSOLUTE
    ../clib/signal.c                         0x00000000   Number         0  defsig_rtmem_inner.o ABSOLUTE
    ../clib/signal.c                         0x00000000   Number         0  defsig_rtmem_outer.o ABSOLUTE
    ../clib/signal.c                         0x00000000   Number         0  defsig_fpe_outer.o ABSOLUTE
    ../clib/signal.c                         0x00000000   Number         0  defsig_rtmem_formal.o ABSOLUTE
    ../clib/signal.c                         0x00000000   Number         0  defsig_fpe_formal.o ABSOLUTE
    ../clib/signal.c                         0x00000000   Number         0  defsig_pvfn_inner.o ABSOLUTE
    ../clib/signal.s                         0x00000000   Number         0  defsig.o ABSOLUTE
    ../clib/stdlib.c                         0x00000000   Number         0  exit.o ABSOLUTE
    ../clib/string.c                         0x00000000   Number         0  strcmp.o ABSOLUTE
    ../fplib/cfplib/daddsub.c                0x00000000   Number         0  daddsub.o ABSOLUTE
    ../fplib/cfplib/dmul.c                   0x00000000   Number         0  dmul.o ABSOLUTE
    ../fplib/cfplib/ffix.c                   0x00000000   Number         0  dfixui.o ABSOLUTE
    ../fplib/cfplib/fflt.c                   0x00000000   Number         0  dflti.o ABSOLUTE
    ../fplib/cfplib/fpinit.c                 0x00000000   Number         0  fpinit.o ABSOLUTE
    ../fplib/usenofp.s                       0x00000000   Number         0  usenofp.o ABSOLUTE
    dc.s                                     0x00000000   Number         0  dc.o ABSOLUTE
    libs\STM32F0xx_StdPeriph_Driver\src\stm32f0xx_gpio.c 0x00000000   Number         0  stm32f0xx_gpio.o ABSOLUTE
    libs\STM32F0xx_StdPeriph_Driver\src\stm32f0xx_misc.c 0x00000000   Number         0  stm32f0xx_misc.o ABSOLUTE
    libs\STM32F0xx_StdPeriph_Driver\src\stm32f0xx_rcc.c 0x00000000   Number         0  stm32f0xx_rcc.o ABSOLUTE
    libs\STM32F0xx_StdPeriph_Driver\src\stm32f0xx_tim.c 0x00000000   Number         0  stm32f0xx_tim.o ABSOLUTE
    libs\STM32F0xx_StdPeriph_Driver\src\stm32f0xx_usart.c 0x00000000   Number         0  stm32f0xx_usart.o ABSOLUTE
    libs\\STM32F0xx_StdPeriph_Driver\\src\\stm32f0xx_gpio.c 0x00000000   Number         0  stm32f0xx_gpio.o ABSOLUTE
    libs\\STM32F0xx_StdPeriph_Driver\\src\\stm32f0xx_misc.c 0x00000000   Number         0  stm32f0xx_misc.o ABSOLUTE
    libs\\STM32F0xx_StdPeriph_Driver\\src\\stm32f0xx_rcc.c 0x00000000   Number         0  stm32f0xx_rcc.o ABSOLUTE
    libs\\STM32F0xx_StdPeriph_Driver\\src\\stm32f0xx_tim.c 0x00000000   Number         0  stm32f0xx_tim.o ABSOLUTE
    libs\\STM32F0xx_StdPeriph_Driver\\src\\stm32f0xx_usart.c 0x00000000   Number         0  stm32f0xx_usart.o ABSOLUTE
    main\\main.c                             0x00000000   Number         0  main.o ABSOLUTE
    main\main.c                              0x00000000   Number         0  main.o ABSOLUTE
    src\\serial.c                            0x00000000   Number         0  serial.o ABSOLUTE
    src\\soniclib.c                          0x00000000   Number         0  soniclib.o ABSOLUTE
    src\\system_stm32f0xx.c                  0x00000000   Number         0  system_stm32f0xx.o ABSOLUTE
    src\\util.c                              0x00000000   Number         0  util.o ABSOLUTE
    src\serial.c                             0x00000000   Number         0  serial.o ABSOLUTE
    src\soniclib.c                           0x00000000   Number         0  soniclib.o ABSOLUTE
    src\system_stm32f0xx.c                   0x00000000   Number         0  system_stm32f0xx.o ABSOLUTE
    src\util.c                               0x00000000   Number         0  util.o ABSOLUTE
    startup_stm32f051.s                      0x00000000   Number         0  startup_stm32f051.o ABSOLUTE
    RESET                                    0x08000000   Section      192  startup_stm32f051.o(RESET)
    !!!main                                  0x080000c0   Section        8  __main.o(!!!main)
    !!!scatter                               0x080000c8   Section       60  __scatter.o(!!!scatter)
    !!handler_copy                           0x08000104   Section       26  __scatter_copy.o(!!handler_copy)
    !!handler_zi                             0x08000120   Section       28  __scatter_zi.o(!!handler_zi)
    .ARM.Collect$$_printf_percent$$00000000  0x0800013c   Section        2  _printf_percent.o(.ARM.Collect$$_printf_percent$$00000000)
    .ARM.Collect$$_printf_percent$$00000009  0x0800013e   Section       10  _printf_d.o(.ARM.Collect$$_printf_percent$$00000009)
    .ARM.Collect$$_printf_percent$$00000017  0x08000148   Section        4  _printf_percent_end.o(.ARM.Collect$$_printf_percent$$00000017)
    .ARM.Collect$$libinit$$00000000          0x0800014c   Section        2  libinit.o(.ARM.Collect$$libinit$$00000000)
    .ARM.Collect$$libinit$$00000001          0x0800014e   Section        4  libinit2.o(.ARM.Collect$$libinit$$00000001)
    .ARM.Collect$$libinit$$00000008          0x08000152   Section        0  libinit2.o(.ARM.Collect$$libinit$$00000008)
    .ARM.Collect$$libinit$$0000000A          0x08000152   Section        0  libinit2.o(.ARM.Collect$$libinit$$0000000A)
    .ARM.Collect$$libinit$$0000000C          0x08000152   Section        0  libinit2.o(.ARM.Collect$$libinit$$0000000C)
    .ARM.Collect$$libinit$$0000000F          0x08000152   Section        0  libinit2.o(.ARM.Collect$$libinit$$0000000F)
    .ARM.Collect$$libinit$$00000011          0x08000152   Section        0  libinit2.o(.ARM.Collect$$libinit$$00000011)
    .ARM.Collect$$libinit$$00000013          0x08000152   Section        0  libinit2.o(.ARM.Collect$$libinit$$00000013)
    .ARM.Collect$$libinit$$00000015          0x08000152   Section        0  libinit2.o(.ARM.Collect$$libinit$$00000015)
    .ARM.Collect$$libinit$$00000017          0x08000152   Section        0  libinit2.o(.ARM.Collect$$libinit$$00000017)
    .ARM.Collect$$libinit$$00000019          0x08000152   Section        0  libinit2.o(.ARM.Collect$$libinit$$00000019)
    .ARM.Collect$$libinit$$0000001B          0x08000152   Section        0  libinit2.o(.ARM.Collect$$libinit$$0000001B)
    .ARM.Collect$$libinit$$0000001D          0x08000152   Section        0  libinit2.o(.ARM.Collect$$libinit$$0000001D)
    .ARM.Collect$$libinit$$0000001F          0x08000152   Section        0  libinit2.o(.ARM.Collect$$libinit$$0000001F)
    .ARM.Collect$$libinit$$00000021          0x08000152   Section        0  libinit2.o(.ARM.Collect$$libinit$$00000021)
    .ARM.Collect$$libinit$$00000023          0x08000152   Section        0  libinit2.o(.ARM.Collect$$libinit$$00000023)
    .ARM.Collect$$libinit$$0000002A          0x08000152   Section        0  libinit2.o(.ARM.Collect$$libinit$$0000002A)
    .ARM.Collect$$libinit$$0000002C          0x08000152   Section        0  libinit2.o(.ARM.Collect$$libinit$$0000002C)
    .ARM.Collect$$libinit$$0000002E          0x08000152   Section        0  libinit2.o(.ARM.Collect$$libinit$$0000002E)
    .ARM.Collect$$libinit$$00000030          0x08000152   Section        0  libinit2.o(.ARM.Collect$$libinit$$00000030)
    .ARM.Collect$$libinit$$00000031          0x08000152   Section        2  libinit2.o(.ARM.Collect$$libinit$$00000031)
    .ARM.Collect$$libshutdown$$00000000      0x08000154   Section        2  libshutdown.o(.ARM.Collect$$libshutdown$$00000000)
    .ARM.Collect$$libshutdown$$00000003      0x08000156   Section        0  libshutdown2.o(.ARM.Collect$$libshutdown$$00000003)
    .ARM.Collect$$libshutdown$$00000006      0x08000156   Section        0  libshutdown2.o(.ARM.Collect$$libshutdown$$00000006)
    .ARM.Collect$$libshutdown$$00000009      0x08000156   Section        0  libshutdown2.o(.ARM.Collect$$libshutdown$$00000009)
    .ARM.Collect$$libshutdown$$0000000B      0x08000156   Section        0  libshutdown2.o(.ARM.Collect$$libshutdown$$0000000B)
    .ARM.Collect$$libshutdown$$0000000E      0x08000156   Section        0  libshutdown2.o(.ARM.Collect$$libshutdown$$0000000E)
    .ARM.Collect$$libshutdown$$0000000F      0x08000156   Section        2  libshutdown2.o(.ARM.Collect$$libshutdown$$0000000F)
    .ARM.Collect$$rtentry$$00000000          0x08000158   Section        0  rtentry.o(.ARM.Collect$$rtentry$$00000000)
    .ARM.Collect$$rtentry$$00000002          0x08000158   Section        0  rtentry2.o(.ARM.Collect$$rtentry$$00000002)
    .ARM.Collect$$rtentry$$00000004          0x08000158   Section        6  rtentry4.o(.ARM.Collect$$rtentry$$00000004)
    .ARM.Collect$$rtentry$$00000009          0x0800015e   Section        0  rtentry2.o(.ARM.Collect$$rtentry$$00000009)
    .ARM.Collect$$rtentry$$0000000A          0x0800015e   Section        4  rtentry2.o(.ARM.Collect$$rtentry$$0000000A)
    .ARM.Collect$$rtentry$$0000000C          0x08000162   Section        0  rtentry2.o(.ARM.Collect$$rtentry$$0000000C)
    .ARM.Collect$$rtentry$$0000000D          0x08000162   Section        8  rtentry2.o(.ARM.Collect$$rtentry$$0000000D)
    .ARM.Collect$$rtexit$$00000000           0x0800016a   Section        2  rtexit.o(.ARM.Collect$$rtexit$$00000000)
    .ARM.Collect$$rtexit$$00000002           0x0800016c   Section        0  rtexit2.o(.ARM.Collect$$rtexit$$00000002)
    .ARM.Collect$$rtexit$$00000003           0x0800016c   Section        4  rtexit2.o(.ARM.Collect$$rtexit$$00000003)
    .ARM.Collect$$rtexit$$00000004           0x08000170   Section        6  rtexit2.o(.ARM.Collect$$rtexit$$00000004)
    .text                                    0x08000178   Section       56  startup_stm32f051.o(.text)
    .text                                    0x080001b0   Section        0  system_stm32f0xx.o(.text)
    SetSysClock                              0x080001b1   Thumb Code   202  system_stm32f0xx.o(.text)
    .text                                    0x080003a4   Section        0  stm32f0xx_tim.o(.text)
    TI4_Config                               0x08000b0d   Thumb Code    66  stm32f0xx_tim.o(.text)
    TI3_Config                               0x08000b61   Thumb Code    66  stm32f0xx_tim.o(.text)
    TI2_Config                               0x08000bf1   Thumb Code    66  stm32f0xx_tim.o(.text)
    TI1_Config                               0x08000c45   Thumb Code    54  stm32f0xx_tim.o(.text)
    .text                                    0x08000fa4   Section        0  stm32f0xx_misc.o(.text)
    .text                                    0x08001058   Section        0  stm32f0xx_rcc.o(.text)
    .text                                    0x08001720   Section        0  stm32f0xx_gpio.o(.text)
    .text                                    0x08001928   Section        0  stm32f0xx_usart.o(.text)
    .text                                    0x08001eb8   Section        0  main.o(.text)
    .text                                    0x08001f14   Section        0  util.o(.text)
    NVIC_SetPriority                         0x08001f6f   Thumb Code   110  util.o(.text)
    .text                                    0x08001ff4   Section        0  soniclib.o(.text)
    NVIC_SetPriority                         0x0800218d   Thumb Code   110  soniclib.o(.text)
    .text                                    0x08002238   Section        0  serial.o(.text)
    .text                                    0x08002494   Section        0  noretval__2sprintf.o(.text)
    .text                                    0x080024bc   Section        0  __printf.o(.text)
    .text                                    0x08002528   Section        0  _printf_dec.o(.text)
    .text                                    0x08002594   Section        0  strcmp.o(.text)
    .text                                    0x0800261c   Section      346  aeabi_sdiv.o(.text)
    .text                                    0x08002776   Section        0  heapauxi.o(.text)
    .text                                    0x0800277c   Section        0  daddsub.o(.text)
    _dadd1                                   0x0800277d   Thumb Code   286  daddsub.o(.text)
    _dsub1                                   0x0800289b   Thumb Code   468  daddsub.o(.text)
    .text                                    0x08002ac8   Section        0  dfixui.o(.text)
    .text                                    0x08002b10   Section        0  dflti.o(.text)
    .text                                    0x08002b68   Section        0  dmul.o(.text)
    .text                                    0x08002dc0   Section        0  _printf_intcommon.o(.text)
    .text                                    0x08002e70   Section        0  _printf_char_common.o(.text)
    _printf_input_char                       0x08002e71   Thumb Code    10  _printf_char_common.o(.text)
    .text                                    0x08002ea0   Section        0  _sputc.o(.text)
    .text                                    0x08002eaa   Section        0  rtudiv10.o(.text)
    .text                                    0x08002ed2   Section       62  sys_stackheap_outer.o(.text)
    .text                                    0x08002f10   Section        0  exit.o(.text)
    .text                                    0x08002f1c   Section        8  libspace.o(.text)
    .text                                    0x08002f24   Section        0  sys_exit.o(.text)
    .text                                    0x08002f30   Section        2  use_no_semi.o(.text)
    .text                                    0x08002f32   Section        0  indicate_semi.o(.text)
    x$fpl$usenofp                            0x08002f32   Section        0  usenofp.o(x$fpl$usenofp)
    .data                                    0x20000000   Section       20  system_stm32f0xx.o(.data)
    .data                                    0x20000014   Section       16  stm32f0xx_rcc.o(.data)
    APBAHBPrescTable                         0x20000014   Data          16  stm32f0xx_rcc.o(.data)
    .data                                    0x20000024   Section        4  util.o(.data)
    Tick                                     0x20000024   Data           4  util.o(.data)
    .data                                    0x20000028   Section        8  soniclib.o(.data)
    .data                                    0x20000030   Section        4  serial.o(.data)
    transmitting                             0x20000030   Data           4  serial.o(.data)
    .bss                                     0x20000034   Section       32  soniclib.o(.bss)
    .bss                                     0x20000054   Section      528  serial.o(.bss)
    _rx_buffer                               0x20000054   Data         264  serial.o(.bss)
    _tx_buffer                               0x2000015c   Data         264  serial.o(.bss)
    .bss                                     0x20000264   Section       96  libspace.o(.bss)
    HEAP                                     0x200002c8   Section      512  startup_stm32f051.o(HEAP)
    Heap_Mem                                 0x200002c8   Data         512  startup_stm32f051.o(HEAP)
    STACK                                    0x200004c8   Section     1024  startup_stm32f051.o(STACK)
    Stack_Mem                                0x200004c8   Data        1024  startup_stm32f051.o(STACK)
    __initial_sp                             0x200008c8   Data           0  startup_stm32f051.o(STACK)

    Global Symbols

    Symbol Name                              Value     Ov Type        Size  Object(Section)

    BuildAttributes$$THM_ISAv3M$S$PE$A:L22$X:L11$S22$IEEE1$IW$USESV6$~STKCKD$USESV7$~SHL$OSPACE$ROPI$EBA8$UX$STANDARDLIB$REQ8$PRES8$EABIv2 0x00000000   Number         0  anon$$obj.o ABSOLUTE
    __ARM_use_no_argv                        0x00000000   Number         0  main.o ABSOLUTE
    __ARM_exceptions_init                     - Undefined Weak Reference
    __alloca_initialize                       - Undefined Weak Reference
    __cpp_initialize__aeabi_                  - Undefined Weak Reference
    __cxa_finalize                            - Undefined Weak Reference
    __rt_locale                               - Undefined Weak Reference
    __sigvec_lookup                           - Undefined Weak Reference
    _atexit_init                              - Undefined Weak Reference
    _call_atexit_fns                          - Undefined Weak Reference
    _clock_init                               - Undefined Weak Reference
    _fp_trap_init                             - Undefined Weak Reference
    _fp_trap_shutdown                         - Undefined Weak Reference
    _get_lc_collate                           - Undefined Weak Reference
    _get_lc_ctype                             - Undefined Weak Reference
    _get_lc_monetary                          - Undefined Weak Reference
    _get_lc_numeric                           - Undefined Weak Reference
    _get_lc_time                              - Undefined Weak Reference
    _getenv_init                              - Undefined Weak Reference
    _handle_redirection                       - Undefined Weak Reference
    _init_alloc                               - Undefined Weak Reference
    _init_user_alloc                          - Undefined Weak Reference
    _initio                                   - Undefined Weak Reference
    _printf_post_padding                      - Undefined Weak Reference
    _printf_pre_padding                       - Undefined Weak Reference
    _printf_truncate_signed                   - Undefined Weak Reference
    _printf_truncate_unsigned                 - Undefined Weak Reference
    _rand_init                                - Undefined Weak Reference
    _signal_finish                            - Undefined Weak Reference
    _signal_init                              - Undefined Weak Reference
    _terminate_alloc                          - Undefined Weak Reference
    _terminate_user_alloc                     - Undefined Weak Reference
    _terminateio                              - Undefined Weak Reference
    __Vectors_Size                           0x000000c0   Number         0  startup_stm32f051.o ABSOLUTE
    __Vectors                                0x08000000   Data           4  startup_stm32f051.o(RESET)
    __Vectors_End                            0x080000c0   Data           0  startup_stm32f051.o(RESET)
    __main                                   0x080000c1   Thumb Code     8  __main.o(!!!main)
    __scatterload                            0x080000c9   Thumb Code     0  __scatter.o(!!!scatter)
    __scatterload_rt2                        0x080000c9   Thumb Code    52  __scatter.o(!!!scatter)
    __scatterload_rt2_thumb_only             0x080000c9   Thumb Code     0  __scatter.o(!!!scatter)
    __scatterload_null                       0x080000d9   Thumb Code     0  __scatter.o(!!!scatter)
    __scatterload_copy                       0x08000105   Thumb Code    26  __scatter_copy.o(!!handler_copy)
    __scatterload_zeroinit                   0x08000121   Thumb Code    28  __scatter_zi.o(!!handler_zi)
    _printf_percent                          0x0800013d   Thumb Code     0  _printf_percent.o(.ARM.Collect$$_printf_percent$$00000000)
    _printf_d                                0x0800013f   Thumb Code     0  _printf_d.o(.ARM.Collect$$_printf_percent$$00000009)
    _printf_percent_end                      0x08000149   Thumb Code     0  _printf_percent_end.o(.ARM.Collect$$_printf_percent$$00000017)
    __rt_lib_init                            0x0800014d   Thumb Code     0  libinit.o(.ARM.Collect$$libinit$$00000000)
    __rt_lib_init_fp_1                       0x0800014f   Thumb Code     0  libinit2.o(.ARM.Collect$$libinit$$00000001)
    __rt_lib_init_alloca_1                   0x08000153   Thumb Code     0  libinit2.o(.ARM.Collect$$libinit$$0000002C)
    __rt_lib_init_argv_1                     0x08000153   Thumb Code     0  libinit2.o(.ARM.Collect$$libinit$$0000002A)
    __rt_lib_init_atexit_1                   0x08000153   Thumb Code     0  libinit2.o(.ARM.Collect$$libinit$$00000019)
    __rt_lib_init_clock_1                    0x08000153   Thumb Code     0  libinit2.o(.ARM.Collect$$libinit$$0000001F)
    __rt_lib_init_cpp_1                      0x08000153   Thumb Code     0  libinit2.o(.ARM.Collect$$libinit$$00000030)
    __rt_lib_init_exceptions_1               0x08000153   Thumb Code     0  libinit2.o(.ARM.Collect$$libinit$$0000002E)
    __rt_lib_init_fp_trap_1                  0x08000153   Thumb Code     0  libinit2.o(.ARM.Collect$$libinit$$0000001D)
    __rt_lib_init_getenv_1                   0x08000153   Thumb Code     0  libinit2.o(.ARM.Collect$$libinit$$00000021)
    __rt_lib_init_heap_1                     0x08000153   Thumb Code     0  libinit2.o(.ARM.Collect$$libinit$$00000008)
    __rt_lib_init_lc_collate_1               0x08000153   Thumb Code     0  libinit2.o(.ARM.Collect$$libinit$$0000000F)
    __rt_lib_init_lc_ctype_1                 0x08000153   Thumb Code     0  libinit2.o(.ARM.Collect$$libinit$$00000011)
    __rt_lib_init_lc_monetary_1              0x08000153   Thumb Code     0  libinit2.o(.ARM.Collect$$libinit$$00000013)
    __rt_lib_init_lc_numeric_1               0x08000153   Thumb Code     0  libinit2.o(.ARM.Collect$$libinit$$00000015)
    __rt_lib_init_lc_time_1                  0x08000153   Thumb Code     0  libinit2.o(.ARM.Collect$$libinit$$00000017)
    __rt_lib_init_rand_1                     0x08000153   Thumb Code     0  libinit2.o(.ARM.Collect$$libinit$$0000000C)
    __rt_lib_init_return                     0x08000153   Thumb Code     0  libinit2.o(.ARM.Collect$$libinit$$00000031)
    __rt_lib_init_signal_1                   0x08000153   Thumb Code     0  libinit2.o(.ARM.Collect$$libinit$$0000001B)
    __rt_lib_init_stdio_1                    0x08000153   Thumb Code     0  libinit2.o(.ARM.Collect$$libinit$$00000023)
    __rt_lib_init_user_alloc_1               0x08000153   Thumb Code     0  libinit2.o(.ARM.Collect$$libinit$$0000000A)
    __rt_lib_shutdown                        0x08000155   Thumb Code     0  libshutdown.o(.ARM.Collect$$libshutdown$$00000000)
    __rt_lib_shutdown_fp_trap_1              0x08000157   Thumb Code     0  libshutdown2.o(.ARM.Collect$$libshutdown$$00000006)
    __rt_lib_shutdown_heap_1                 0x08000157   Thumb Code     0  libshutdown2.o(.ARM.Collect$$libshutdown$$0000000E)
    __rt_lib_shutdown_return                 0x08000157   Thumb Code     0  libshutdown2.o(.ARM.Collect$$libshutdown$$0000000F)
    __rt_lib_shutdown_signal_1               0x08000157   Thumb Code     0  libshutdown2.o(.ARM.Collect$$libshutdown$$00000009)
    __rt_lib_shutdown_stdio_1                0x08000157   Thumb Code     0  libshutdown2.o(.ARM.Collect$$libshutdown$$00000003)
    __rt_lib_shutdown_user_alloc_1           0x08000157   Thumb Code     0  libshutdown2.o(.ARM.Collect$$libshutdown$$0000000B)
    __rt_entry                               0x08000159   Thumb Code     0  rtentry.o(.ARM.Collect$$rtentry$$00000000)
    __rt_entry_presh_1                       0x08000159   Thumb Code     0  rtentry2.o(.ARM.Collect$$rtentry$$00000002)
    __rt_entry_sh                            0x08000159   Thumb Code     0  rtentry4.o(.ARM.Collect$$rtentry$$00000004)
    __rt_entry_li                            0x0800015f   Thumb Code     0  rtentry2.o(.ARM.Collect$$rtentry$$0000000A)
    __rt_entry_postsh_1                      0x0800015f   Thumb Code     0  rtentry2.o(.ARM.Collect$$rtentry$$00000009)
    __rt_entry_main                          0x08000163   Thumb Code     0  rtentry2.o(.ARM.Collect$$rtentry$$0000000D)
    __rt_entry_postli_1                      0x08000163   Thumb Code     0  rtentry2.o(.ARM.Collect$$rtentry$$0000000C)
    __rt_exit                                0x0800016b   Thumb Code     0  rtexit.o(.ARM.Collect$$rtexit$$00000000)
    __rt_exit_ls                             0x0800016d   Thumb Code     0  rtexit2.o(.ARM.Collect$$rtexit$$00000003)
    __rt_exit_prels_1                        0x0800016d   Thumb Code     0  rtexit2.o(.ARM.Collect$$rtexit$$00000002)
    __rt_exit_exit                           0x08000171   Thumb Code     0  rtexit2.o(.ARM.Collect$$rtexit$$00000004)
    Reset_Handler                            0x08000179   Thumb Code     8  startup_stm32f051.o(.text)
    NMI_Handler                              0x08000181   Thumb Code     2  startup_stm32f051.o(.text)
    HardFault_Handler                        0x08000183   Thumb Code     2  startup_stm32f051.o(.text)
    SVC_Handler                              0x08000185   Thumb Code     2  startup_stm32f051.o(.text)
    PendSV_Handler                           0x08000187   Thumb Code     2  startup_stm32f051.o(.text)
    ADC1_COMP_IRQHandler                     0x0800018b   Thumb Code     0  startup_stm32f051.o(.text)
    CEC_IRQHandler                           0x0800018b   Thumb Code     0  startup_stm32f051.o(.text)
    DMA1_Channel1_IRQHandler                 0x0800018b   Thumb Code     0  startup_stm32f051.o(.text)
    DMA1_Channel2_3_IRQHandler               0x0800018b   Thumb Code     0  startup_stm32f051.o(.text)
    DMA1_Channel4_5_IRQHandler               0x0800018b   Thumb Code     0  startup_stm32f051.o(.text)
    EXTI0_1_IRQHandler                       0x0800018b   Thumb Code     0  startup_stm32f051.o(.text)
    EXTI2_3_IRQHandler                       0x0800018b   Thumb Code     0  startup_stm32f051.o(.text)
    EXTI4_15_IRQHandler                      0x0800018b   Thumb Code     0  startup_stm32f051.o(.text)
    FLASH_IRQHandler                         0x0800018b   Thumb Code     0  startup_stm32f051.o(.text)
    I2C1_IRQHandler                          0x0800018b   Thumb Code     0  startup_stm32f051.o(.text)
    I2C2_IRQHandler                          0x0800018b   Thumb Code     0  startup_stm32f051.o(.text)
    PVD_IRQHandler                           0x0800018b   Thumb Code     0  startup_stm32f051.o(.text)
    RCC_IRQHandler                           0x0800018b   Thumb Code     0  startup_stm32f051.o(.text)
    RTC_IRQHandler                           0x0800018b   Thumb Code     0  startup_stm32f051.o(.text)
    SPI1_IRQHandler                          0x0800018b   Thumb Code     0  startup_stm32f051.o(.text)
    SPI2_IRQHandler                          0x0800018b   Thumb Code     0  startup_stm32f051.o(.text)
    TIM14_IRQHandler                         0x0800018b   Thumb Code     0  startup_stm32f051.o(.text)
    TIM15_IRQHandler                         0x0800018b   Thumb Code     0  startup_stm32f051.o(.text)
    TIM16_IRQHandler                         0x0800018b   Thumb Code     0  startup_stm32f051.o(.text)
    TIM17_IRQHandler                         0x0800018b   Thumb Code     0  startup_stm32f051.o(.text)
    TIM1_BRK_UP_TRG_COM_IRQHandler           0x0800018b   Thumb Code     0  startup_stm32f051.o(.text)
    TIM1_CC_IRQHandler                       0x0800018b   Thumb Code     0  startup_stm32f051.o(.text)
    TIM2_IRQHandler                          0x0800018b   Thumb Code     0  startup_stm32f051.o(.text)
    TIM3_IRQHandler                          0x0800018b   Thumb Code     0  startup_stm32f051.o(.text)
    TIM6_DAC_IRQHandler                      0x0800018b   Thumb Code     0  startup_stm32f051.o(.text)
    TS_IRQHandler                            0x0800018b   Thumb Code     0  startup_stm32f051.o(.text)
    USART2_IRQHandler                        0x0800018b   Thumb Code     0  startup_stm32f051.o(.text)
    WWDG_IRQHandler                          0x0800018b   Thumb Code     0  startup_stm32f051.o(.text)
    __user_initial_stackheap                 0x0800018d   Thumb Code     0  startup_stm32f051.o(.text)
    SystemInit                               0x0800027b   Thumb Code   110  system_stm32f0xx.o(.text)
    SystemCoreClockUpdate                    0x080002e9   Thumb Code   154  system_stm32f0xx.o(.text)
    TIM_DeInit                               0x080003a5   Thumb Code   228  stm32f0xx_tim.o(.text)
    TIM_TimeBaseInit                         0x08000489   Thumb Code    90  stm32f0xx_tim.o(.text)
    TIM_TimeBaseStructInit                   0x080004e3   Thumb Code    18  stm32f0xx_tim.o(.text)
    TIM_PrescalerConfig                      0x080004f5   Thumb Code     6  stm32f0xx_tim.o(.text)
    TIM_CounterModeConfig                    0x080004fb   Thumb Code    20  stm32f0xx_tim.o(.text)
    TIM_SetCounter                           0x0800050f   Thumb Code     4  stm32f0xx_tim.o(.text)
    TIM_SetAutoreload                        0x08000513   Thumb Code     4  stm32f0xx_tim.o(.text)
    TIM_GetCounter                           0x08000517   Thumb Code     6  stm32f0xx_tim.o(.text)
    TIM_GetPrescaler                         0x0800051d   Thumb Code     6  stm32f0xx_tim.o(.text)
    TIM_UpdateDisableConfig                  0x08000523   Thumb Code    26  stm32f0xx_tim.o(.text)
    TIM_UpdateRequestConfig                  0x0800053d   Thumb Code    26  stm32f0xx_tim.o(.text)
    TIM_ARRPreloadConfig                     0x08000557   Thumb Code    26  stm32f0xx_tim.o(.text)
    TIM_SelectOnePulseMode                   0x08000571   Thumb Code    18  stm32f0xx_tim.o(.text)
    TIM_SetClockDivision                     0x08000583   Thumb Code    16  stm32f0xx_tim.o(.text)
    TIM_Cmd                                  0x08000593   Thumb Code    26  stm32f0xx_tim.o(.text)
    TIM_BDTRConfig                           0x080005ad   Thumb Code    32  stm32f0xx_tim.o(.text)
    TIM_BDTRStructInit                       0x080005cd   Thumb Code    18  stm32f0xx_tim.o(.text)
    TIM_CtrlPWMOutputs                       0x080005df   Thumb Code    34  stm32f0xx_tim.o(.text)
    TIM_OC1Init                              0x08000601   Thumb Code   122  stm32f0xx_tim.o(.text)
    TIM_OC2Init                              0x0800067b   Thumb Code   144  stm32f0xx_tim.o(.text)
    TIM_OC3Init                              0x0800070b   Thumb Code   190  stm32f0xx_tim.o(.text)
    TIM_OC4Init                              0x080007c9   Thumb Code    88  stm32f0xx_tim.o(.text)
    TIM_OCStructInit                         0x08000821   Thumb Code    20  stm32f0xx_tim.o(.text)
    TIM_SelectOCxM                           0x08000835   Thumb Code    82  stm32f0xx_tim.o(.text)
    TIM_SetCompare1                          0x08000887   Thumb Code     4  stm32f0xx_tim.o(.text)
    TIM_SetCompare2                          0x0800088b   Thumb Code     4  stm32f0xx_tim.o(.text)
    TIM_SetCompare3                          0x0800088f   Thumb Code     4  stm32f0xx_tim.o(.text)
    TIM_SetCompare4                          0x08000893   Thumb Code     4  stm32f0xx_tim.o(.text)
    TIM_ForcedOC1Config                      0x08000897   Thumb Code    20  stm32f0xx_tim.o(.text)
    TIM_ForcedOC2Config                      0x080008ab   Thumb Code    20  stm32f0xx_tim.o(.text)
    TIM_ForcedOC3Config                      0x080008bf   Thumb Code    20  stm32f0xx_tim.o(.text)
    TIM_ForcedOC4Config                      0x080008d3   Thumb Code    20  stm32f0xx_tim.o(.text)
    TIM_CCPreloadControl                     0x080008e7   Thumb Code    26  stm32f0xx_tim.o(.text)
    TIM_OC1PreloadConfig                     0x08000901   Thumb Code    22  stm32f0xx_tim.o(.text)
    TIM_OC2PreloadConfig                     0x08000917   Thumb Code    20  stm32f0xx_tim.o(.text)
    TIM_OC3PreloadConfig                     0x0800092b   Thumb Code    22  stm32f0xx_tim.o(.text)
    TIM_OC4PreloadConfig                     0x08000941   Thumb Code    20  stm32f0xx_tim.o(.text)
    TIM_OC1FastConfig                        0x08000955   Thumb Code    22  stm32f0xx_tim.o(.text)
    TIM_OC2FastConfig                        0x0800096b   Thumb Code    20  stm32f0xx_tim.o(.text)
    TIM_OC3FastConfig                        0x0800097f   Thumb Code    22  stm32f0xx_tim.o(.text)
    TIM_OC4FastConfig                        0x08000995   Thumb Code    20  stm32f0xx_tim.o(.text)
    TIM_ClearOC1Ref                          0x080009a9   Thumb Code    22  stm32f0xx_tim.o(.text)
    TIM_ClearOC2Ref                          0x080009bf   Thumb Code    20  stm32f0xx_tim.o(.text)
    TIM_ClearOC3Ref                          0x080009d3   Thumb Code    22  stm32f0xx_tim.o(.text)
    TIM_ClearOC4Ref                          0x080009e9   Thumb Code    20  stm32f0xx_tim.o(.text)
    TIM_OC1PolarityConfig                    0x080009fd   Thumb Code    22  stm32f0xx_tim.o(.text)
    TIM_OC1NPolarityConfig                   0x08000a13   Thumb Code    22  stm32f0xx_tim.o(.text)
    TIM_OC2PolarityConfig                    0x08000a29   Thumb Code    22  stm32f0xx_tim.o(.text)
    TIM_OC2NPolarityConfig                   0x08000a3f   Thumb Code    22  stm32f0xx_tim.o(.text)
    TIM_OC3PolarityConfig                    0x08000a55   Thumb Code    20  stm32f0xx_tim.o(.text)
    TIM_OC3NPolarityConfig                   0x08000a69   Thumb Code    20  stm32f0xx_tim.o(.text)
    TIM_OC4PolarityConfig                    0x08000a7d   Thumb Code    20  stm32f0xx_tim.o(.text)
    TIM_SelectOCREFClear                     0x08000a91   Thumb Code    18  stm32f0xx_tim.o(.text)
    TIM_CCxCmd                               0x08000aa3   Thumb Code    30  stm32f0xx_tim.o(.text)
    TIM_CCxNCmd                              0x08000ac1   Thumb Code    30  stm32f0xx_tim.o(.text)
    TIM_SelectCOM                            0x08000adf   Thumb Code    26  stm32f0xx_tim.o(.text)
    TIM_SetIC4Prescaler                      0x08000af9   Thumb Code    20  stm32f0xx_tim.o(.text)
    TIM_SetIC3Prescaler                      0x08000b4f   Thumb Code    18  stm32f0xx_tim.o(.text)
    TIM_SetIC2Prescaler                      0x08000ba3   Thumb Code    78  stm32f0xx_tim.o(.text)
    TIM_SetIC1Prescaler                      0x08000c33   Thumb Code    18  stm32f0xx_tim.o(.text)
    TIM_ICInit                               0x08000c7b   Thumb Code   112  stm32f0xx_tim.o(.text)
    TIM_ICStructInit                         0x08000ceb   Thumb Code    18  stm32f0xx_tim.o(.text)
    TIM_PWMIConfig                           0x08000cfd   Thumb Code   124  stm32f0xx_tim.o(.text)
    TIM_GetCapture1                          0x08000d79   Thumb Code     6  stm32f0xx_tim.o(.text)
    TIM_GetCapture2                          0x08000d7f   Thumb Code     6  stm32f0xx_tim.o(.text)
    TIM_GetCapture3                          0x08000d85   Thumb Code     6  stm32f0xx_tim.o(.text)
    TIM_GetCapture4                          0x08000d8b   Thumb Code     6  stm32f0xx_tim.o(.text)
    TIM_ITConfig                             0x08000d91   Thumb Code    20  stm32f0xx_tim.o(.text)
    TIM_GenerateEvent                        0x08000da5   Thumb Code     4  stm32f0xx_tim.o(.text)
    TIM_GetFlagStatus                        0x08000da9   Thumb Code    18  stm32f0xx_tim.o(.text)
    TIM_ClearFlag                            0x08000dbb   Thumb Code     6  stm32f0xx_tim.o(.text)
    TIM_GetITStatus                          0x08000dc1   Thumb Code    38  stm32f0xx_tim.o(.text)
    TIM_ClearITPendingBit                    0x08000de7   Thumb Code     6  stm32f0xx_tim.o(.text)
    TIM_DMAConfig                            0x08000ded   Thumb Code    12  stm32f0xx_tim.o(.text)
    TIM_DMACmd                               0x08000df9   Thumb Code    20  stm32f0xx_tim.o(.text)
    TIM_SelectCCDMA                          0x08000e0d   Thumb Code    26  stm32f0xx_tim.o(.text)
    TIM_InternalClockConfig                  0x08000e27   Thumb Code    12  stm32f0xx_tim.o(.text)
    TIM_SelectInputTrigger                   0x08000e33   Thumb Code    22  stm32f0xx_tim.o(.text)
    TIM_ITRxExternalClockConfig              0x08000e49   Thumb Code    24  stm32f0xx_tim.o(.text)
    TIM_TIxExternalClockConfig               0x08000e61   Thumb Code    58  stm32f0xx_tim.o(.text)
    TIM_ETRConfig                            0x08000e9b   Thumb Code    24  stm32f0xx_tim.o(.text)
    TIM_ETRClockMode1Config                  0x08000eb3   Thumb Code    48  stm32f0xx_tim.o(.text)
    TIM_ETRClockMode2Config                  0x08000ee3   Thumb Code    34  stm32f0xx_tim.o(.text)
    TIM_SelectOutputTrigger                  0x08000f05   Thumb Code    18  stm32f0xx_tim.o(.text)
    TIM_SelectSlaveMode                      0x08000f17   Thumb Code    18  stm32f0xx_tim.o(.text)
    TIM_SelectMasterSlaveMode                0x08000f29   Thumb Code    18  stm32f0xx_tim.o(.text)
    TIM_EncoderInterfaceConfig               0x08000f3b   Thumb Code    60  stm32f0xx_tim.o(.text)
    TIM_SelectHallSensor                     0x08000f77   Thumb Code    26  stm32f0xx_tim.o(.text)
    TIM_RemapConfig                          0x08000f91   Thumb Code     6  stm32f0xx_tim.o(.text)
    NVIC_Init                                0x08000fa5   Thumb Code   106  stm32f0xx_misc.o(.text)
    NVIC_SystemLPConfig                      0x0800100f   Thumb Code    28  stm32f0xx_misc.o(.text)
    SysTick_CLKSourceConfig                  0x0800102b   Thumb Code    32  stm32f0xx_misc.o(.text)
    RCC_DeInit                               0x08001059   Thumb Code   104  stm32f0xx_rcc.o(.text)
    RCC_HSEConfig                            0x080010c1   Thumb Code    12  stm32f0xx_rcc.o(.text)
    RCC_GetFlagStatus                        0x080010cd   Thumb Code    66  stm32f0xx_rcc.o(.text)
    RCC_WaitForHSEStartUp                    0x0800110f   Thumb Code    60  stm32f0xx_rcc.o(.text)
    RCC_AdjustHSICalibrationValue            0x0800114b   Thumb Code    26  stm32f0xx_rcc.o(.text)
    RCC_HSICmd                               0x08001165   Thumb Code    32  stm32f0xx_rcc.o(.text)
    RCC_AdjustHSI14CalibrationValue          0x08001185   Thumb Code    26  stm32f0xx_rcc.o(.text)
    RCC_HSI14Cmd                             0x0800119f   Thumb Code    32  stm32f0xx_rcc.o(.text)
    RCC_HSI14ADCRequestCmd                   0x080011bf   Thumb Code    32  stm32f0xx_rcc.o(.text)
    RCC_LSEConfig                            0x080011df   Thumb Code    34  stm32f0xx_rcc.o(.text)
    RCC_LSEDriveConfig                       0x08001201   Thumb Code    22  stm32f0xx_rcc.o(.text)
    RCC_LSICmd                               0x08001217   Thumb Code    32  stm32f0xx_rcc.o(.text)
    RCC_PLLConfig                            0x08001237   Thumb Code    30  stm32f0xx_rcc.o(.text)
    RCC_PLLCmd                               0x08001255   Thumb Code    36  stm32f0xx_rcc.o(.text)
    RCC_HSI48Cmd                             0x08001279   Thumb Code    36  stm32f0xx_rcc.o(.text)
    RCC_PREDIV1Config                        0x0800129d   Thumb Code    24  stm32f0xx_rcc.o(.text)
    RCC_ClockSecuritySystemCmd               0x080012b5   Thumb Code    36  stm32f0xx_rcc.o(.text)
    RCC_MCOConfig                            0x080012d9   Thumb Code     6  stm32f0xx_rcc.o(.text)
    RCC_SYSCLKConfig                         0x080012df   Thumb Code    24  stm32f0xx_rcc.o(.text)
    RCC_GetSYSCLKSource                      0x080012f7   Thumb Code    10  stm32f0xx_rcc.o(.text)
    RCC_HCLKConfig                           0x08001301   Thumb Code    28  stm32f0xx_rcc.o(.text)
    RCC_PCLKConfig                           0x0800131d   Thumb Code    30  stm32f0xx_rcc.o(.text)
    RCC_ADCCLKConfig                         0x0800133b   Thumb Code    52  stm32f0xx_rcc.o(.text)
    RCC_CECCLKConfig                         0x0800136f   Thumb Code    22  stm32f0xx_rcc.o(.text)
    RCC_I2CCLKConfig                         0x08001385   Thumb Code    22  stm32f0xx_rcc.o(.text)
    RCC_USARTCLKConfig                       0x0800139b   Thumb Code    48  stm32f0xx_rcc.o(.text)
    RCC_USBCLKConfig                         0x080013cb   Thumb Code    22  stm32f0xx_rcc.o(.text)
    RCC_GetClocksFreq                        0x080013e1   Thumb Code   484  stm32f0xx_rcc.o(.text)
    RCC_RTCCLKConfig                         0x080015c5   Thumb Code    12  stm32f0xx_rcc.o(.text)
    RCC_RTCCLKCmd                            0x080015d1   Thumb Code    36  stm32f0xx_rcc.o(.text)
    RCC_BackupResetCmd                       0x080015f5   Thumb Code    36  stm32f0xx_rcc.o(.text)
    RCC_AHBPeriphClockCmd                    0x08001619   Thumb Code    28  stm32f0xx_rcc.o(.text)
    RCC_APB2PeriphClockCmd                   0x08001635   Thumb Code    28  stm32f0xx_rcc.o(.text)
    RCC_APB1PeriphClockCmd                   0x08001651   Thumb Code    28  stm32f0xx_rcc.o(.text)
    RCC_AHBPeriphResetCmd                    0x0800166d   Thumb Code    28  stm32f0xx_rcc.o(.text)
    RCC_APB2PeriphResetCmd                   0x08001689   Thumb Code    28  stm32f0xx_rcc.o(.text)
    RCC_APB1PeriphResetCmd                   0x080016a5   Thumb Code    28  stm32f0xx_rcc.o(.text)
    RCC_ITConfig                             0x080016c1   Thumb Code    28  stm32f0xx_rcc.o(.text)
    RCC_ClearFlag                            0x080016dd   Thumb Code    16  stm32f0xx_rcc.o(.text)
    RCC_GetITStatus                          0x080016ed   Thumb Code    20  stm32f0xx_rcc.o(.text)
    RCC_ClearITPendingBit                    0x08001701   Thumb Code     6  stm32f0xx_rcc.o(.text)
    GPIO_DeInit                              0x08001721   Thumb Code   156  stm32f0xx_gpio.o(.text)
    GPIO_Init                                0x080017bd   Thumb Code   144  stm32f0xx_gpio.o(.text)
    GPIO_StructInit                          0x0800184d   Thumb Code    20  stm32f0xx_gpio.o(.text)
    GPIO_PinLockConfig                       0x08001861   Thumb Code    34  stm32f0xx_gpio.o(.text)
    GPIO_ReadInputDataBit                    0x08001883   Thumb Code    18  stm32f0xx_gpio.o(.text)
    GPIO_ReadInputData                       0x08001895   Thumb Code     6  stm32f0xx_gpio.o(.text)
    GPIO_ReadOutputDataBit                   0x0800189b   Thumb Code    18  stm32f0xx_gpio.o(.text)
    GPIO_ReadOutputData                      0x080018ad   Thumb Code     6  stm32f0xx_gpio.o(.text)
    GPIO_SetBits                             0x080018b3   Thumb Code     4  stm32f0xx_gpio.o(.text)
    GPIO_ResetBits                           0x080018b7   Thumb Code     4  stm32f0xx_gpio.o(.text)
    GPIO_WriteBit                            0x080018bb   Thumb Code    12  stm32f0xx_gpio.o(.text)
    GPIO_Write                               0x080018c7   Thumb Code     4  stm32f0xx_gpio.o(.text)
    GPIO_PinAFConfig                         0x080018cb   Thumb Code    68  stm32f0xx_gpio.o(.text)
    USART_DeInit                             0x08001929   Thumb Code   108  stm32f0xx_usart.o(.text)
    USART_Init                               0x08001995   Thumb Code   210  stm32f0xx_usart.o(.text)
    USART_StructInit                         0x08001a67   Thumb Code    24  stm32f0xx_usart.o(.text)
    USART_ClockInit                          0x08001a7f   Thumb Code    36  stm32f0xx_usart.o(.text)
    USART_ClockStructInit                    0x08001aa3   Thumb Code    12  stm32f0xx_usart.o(.text)
    USART_Cmd                                0x08001aaf   Thumb Code    24  stm32f0xx_usart.o(.text)
    USART_DirectionModeCmd                   0x08001ac7   Thumb Code    20  stm32f0xx_usart.o(.text)
    USART_OverSampling8Cmd                   0x08001adb   Thumb Code    28  stm32f0xx_usart.o(.text)
    USART_OneBitMethodCmd                    0x08001af7   Thumb Code    28  stm32f0xx_usart.o(.text)
    USART_MSBFirstCmd                        0x08001b13   Thumb Code    28  stm32f0xx_usart.o(.text)
    USART_DataInvCmd                         0x08001b2f   Thumb Code    28  stm32f0xx_usart.o(.text)
    USART_InvPinCmd                          0x08001b4b   Thumb Code    20  stm32f0xx_usart.o(.text)
    USART_SWAPPinCmd                         0x08001b5f   Thumb Code    28  stm32f0xx_usart.o(.text)
    USART_ReceiverTimeOutCmd                 0x08001b7b   Thumb Code    28  stm32f0xx_usart.o(.text)
    USART_SetReceiverTimeOut                 0x08001b97   Thumb Code    16  stm32f0xx_usart.o(.text)
    USART_SetPrescaler                       0x08001ba7   Thumb Code    18  stm32f0xx_usart.o(.text)
    USART_STOPModeCmd                        0x08001bb9   Thumb Code    24  stm32f0xx_usart.o(.text)
    USART_StopModeWakeUpSourceConfig         0x08001bd1   Thumb Code    18  stm32f0xx_usart.o(.text)
    USART_AutoBaudRateCmd                    0x08001be3   Thumb Code    28  stm32f0xx_usart.o(.text)
    USART_AutoBaudRateConfig                 0x08001bff   Thumb Code    18  stm32f0xx_usart.o(.text)
    USART_SendData                           0x08001c11   Thumb Code     8  stm32f0xx_usart.o(.text)
    USART_ReceiveData                        0x08001c19   Thumb Code    10  stm32f0xx_usart.o(.text)
    USART_SetAddress                         0x08001c23   Thumb Code    18  stm32f0xx_usart.o(.text)
    USART_MuteModeCmd                        0x08001c35   Thumb Code    28  stm32f0xx_usart.o(.text)
    USART_MuteModeWakeUpConfig               0x08001c51   Thumb Code    18  stm32f0xx_usart.o(.text)
    USART_AddressDetectionConfig             0x08001c63   Thumb Code    16  stm32f0xx_usart.o(.text)
    USART_LINBreakDetectLengthConfig         0x08001c73   Thumb Code    16  stm32f0xx_usart.o(.text)
    USART_LINCmd                             0x08001c83   Thumb Code    28  stm32f0xx_usart.o(.text)
    USART_HalfDuplexCmd                      0x08001c9f   Thumb Code    24  stm32f0xx_usart.o(.text)
    USART_SetGuardTime                       0x08001cb7   Thumb Code    16  stm32f0xx_usart.o(.text)
    USART_SmartCardCmd                       0x08001cc7   Thumb Code    24  stm32f0xx_usart.o(.text)
    USART_SmartCardNACKCmd                   0x08001cdf   Thumb Code    24  stm32f0xx_usart.o(.text)
    USART_SetAutoRetryCount                  0x08001cf7   Thumb Code    46  stm32f0xx_usart.o(.text)
    USART_SetBlockLength                     0x08001d25   Thumb Code    18  stm32f0xx_usart.o(.text)
    USART_IrDAConfig                         0x08001d37   Thumb Code    16  stm32f0xx_usart.o(.text)
    USART_IrDACmd                            0x08001d47   Thumb Code    24  stm32f0xx_usart.o(.text)
    USART_DECmd                              0x08001d5f   Thumb Code    28  stm32f0xx_usart.o(.text)
    USART_DEPolarityConfig                   0x08001d7b   Thumb Code    18  stm32f0xx_usart.o(.text)
    USART_SetDEAssertionTime                 0x08001d8d   Thumb Code    20  stm32f0xx_usart.o(.text)
    USART_SetDEDeassertionTime               0x08001da1   Thumb Code    20  stm32f0xx_usart.o(.text)
    USART_DMACmd                             0x08001db5   Thumb Code    20  stm32f0xx_usart.o(.text)
    USART_DMAReceptionErrorConfig            0x08001dc9   Thumb Code    18  stm32f0xx_usart.o(.text)
    USART_ITConfig                           0x08001ddb   Thumb Code    66  stm32f0xx_usart.o(.text)
    USART_RequestCmd                         0x08001e1d   Thumb Code    20  stm32f0xx_usart.o(.text)
    USART_OverrunDetectionConfig             0x08001e31   Thumb Code    18  stm32f0xx_usart.o(.text)
    USART_GetFlagStatus                      0x08001e43   Thumb Code    18  stm32f0xx_usart.o(.text)
    USART_ClearFlag                          0x08001e55   Thumb Code     4  stm32f0xx_usart.o(.text)
    USART_GetITStatus                        0x08001e59   Thumb Code    78  stm32f0xx_usart.o(.text)
    USART_ClearITPendingBit                  0x08001ea7   Thumb Code    18  stm32f0xx_usart.o(.text)
    main                                     0x08001eb9   Thumb Code    76  main.o(.text)
    SysTick_Handler                          0x08001f15   Thumb Code    12  util.o(.text)
    timebase_config                          0x08001f21   Thumb Code    54  util.o(.text)
    delay                                    0x08001f57   Thumb Code    18  util.o(.text)
    millis                                   0x08001f69   Thumb Code     6  util.o(.text)
    setGPIO                                  0x08001ff5   Thumb Code    56  soniclib.o(.text)
    led                                      0x0800202d   Thumb Code    34  soniclib.o(.text)
    setGPIOout                               0x0800204f   Thumb Code    20  soniclib.o(.text)
    setGPIOin                                0x08002063   Thumb Code    20  soniclib.o(.text)
    sonic_read                               0x08002077   Thumb Code   146  soniclib.o(.text)
    platformConfig                           0x08002109   Thumb Code    70  soniclib.o(.text)
    timerConfig                              0x0800214f   Thumb Code    62  soniclib.o(.text)
    SERIAL_config                            0x08002239   Thumb Code   194  serial.o(.text)
    SERIAL_read                              0x080022fb   Thumb Code    38  serial.o(.text)
    write                                    0x08002321   Thumb Code   108  serial.o(.text)
    print                                    0x0800238d   Thumb Code    22  serial.o(.text)
    SERIAL_write                             0x080023a3   Thumb Code    24  serial.o(.text)
    SERIAL_available                         0x080023bb   Thumb Code    32  serial.o(.text)
    USART1_IRQHandler                        0x080023db   Thumb Code   118  serial.o(.text)
    checkvalidation                          0x08002451   Thumb Code    24  serial.o(.text)
    __2sprintf                               0x08002495   Thumb Code    36  noretval__2sprintf.o(.text)
    __printf                                 0x080024bd   Thumb Code   108  __printf.o(.text)
    _printf_int_dec                          0x08002529   Thumb Code    90  _printf_dec.o(.text)
    strcmp                                   0x08002595   Thumb Code   132  strcmp.o(.text)
    __aeabi_uidiv                            0x0800261d   Thumb Code     0  aeabi_sdiv.o(.text)
    __aeabi_uidivmod                         0x0800261d   Thumb Code    20  aeabi_sdiv.o(.text)
    __aeabi_idiv                             0x08002631   Thumb Code     0  aeabi_sdiv.o(.text)
    __aeabi_idivmod                          0x08002631   Thumb Code   326  aeabi_sdiv.o(.text)
    __use_two_region_memory                  0x08002777   Thumb Code     2  heapauxi.o(.text)
    __rt_heap_escrow$2region                 0x08002779   Thumb Code     2  heapauxi.o(.text)
    __rt_heap_expand$2region                 0x0800277b   Thumb Code     2  heapauxi.o(.text)
    __aeabi_dadd                             0x08002a6f   Thumb Code     0  daddsub.o(.text)
    _dadd                                    0x08002a6f   Thumb Code    22  daddsub.o(.text)
    __aeabi_dsub                             0x08002a85   Thumb Code     0  daddsub.o(.text)
    _dsub                                    0x08002a85   Thumb Code    22  daddsub.o(.text)
    __aeabi_drsub                            0x08002a9b   Thumb Code     0  daddsub.o(.text)
    _drsb                                    0x08002a9b   Thumb Code    24  daddsub.o(.text)
    __aeabi_d2uiz                            0x08002ac9   Thumb Code     0  dfixui.o(.text)
    _dfixu                                   0x08002ac9   Thumb Code    62  dfixui.o(.text)
    __aeabi_i2d_normalise                    0x08002b11   Thumb Code    66  dflti.o(.text)
    __aeabi_i2d                              0x08002b53   Thumb Code    16  dflti.o(.text)
    _dflt                                    0x08002b53   Thumb Code     0  dflti.o(.text)
    __aeabi_ui2d                             0x08002b63   Thumb Code     6  dflti.o(.text)
    _dfltu                                   0x08002b63   Thumb Code     0  dflti.o(.text)
    __aeabi_dmul                             0x08002b69   Thumb Code     0  dmul.o(.text)
    _dmul                                    0x08002b69   Thumb Code   578  dmul.o(.text)
    _printf_int_common                       0x08002dc1   Thumb Code   176  _printf_intcommon.o(.text)
    _printf_char_common                      0x08002e7b   Thumb Code    32  _printf_char_common.o(.text)
    _sputc                                   0x08002ea1   Thumb Code    10  _sputc.o(.text)
    __rt_udiv10                              0x08002eab   Thumb Code    40  rtudiv10.o(.text)
    __user_setup_stackheap                   0x08002ed3   Thumb Code    62  sys_stackheap_outer.o(.text)
    exit                                     0x08002f11   Thumb Code    12  exit.o(.text)
    __user_libspace                          0x08002f1d   Thumb Code     8  libspace.o(.text)
    __user_perproc_libspace                  0x08002f1d   Thumb Code     0  libspace.o(.text)
    __user_perthread_libspace                0x08002f1d   Thumb Code     0  libspace.o(.text)
    _sys_exit                                0x08002f25   Thumb Code     8  sys_exit.o(.text)
    __I$use$semihosting                      0x08002f31   Thumb Code     0  use_no_semi.o(.text)
    __use_no_semihosting_swi                 0x08002f31   Thumb Code     2  use_no_semi.o(.text)
    __I$use$fp                               0x08002f32   Number         0  usenofp.o(x$fpl$usenofp)
    __semihosting_library_function           0x08002f33   Thumb Code     0  indicate_semi.o(.text)
    Region$$Table$$Base                      0x08002f34   Number         0  anon$$obj.o(Region$$Table)
    Region$$Table$$Limit                     0x08002f54   Number         0  anon$$obj.o(Region$$Table)
    SystemCoreClock                          0x20000000   Data           4  system_stm32f0xx.o(.data)
    AHBPrescTable                            0x20000004   Data          16  system_stm32f0xx.o(.data)
    GPIO_InitStructure                       0x20000028   Data           8  soniclib.o(.data)
    T                                        0x20000034   Data          12  soniclib.o(.bss)
    TO                                       0x20000040   Data          20  soniclib.o(.bss)
    __libspace_start                         0x20000264   Data          96  libspace.o(.bss)
    __temporary_stack_top$libspace           0x200002c4   Data           0  libspace.o(.bss)



==============================================================================

Memory Map of the image

  Image Entry point : 0x08000179

  Load Region LR_1 (Base: 0x08000000, Size: 0x00002f88, Max: 0xffffffff, ABSOLUTE)

    Execution Region ER_RO (Base: 0x08000000, Size: 0x00002f54, Max: 0xffffffff, ABSOLUTE)

    Base Addr    Size         Type   Attr      Idx    E Section Name        Object

    0x08000000   0x000000c0   Data   RO            3    RESET               startup_stm32f051.o
    0x080000c0   0x00000008   Code   RO          372  * !!!main             c_p.l(__main.o)
    0x080000c8   0x0000003c   Code   RO          558    !!!scatter          c_p.l(__scatter.o)
    0x08000104   0x0000001a   Code   RO          560    !!handler_copy      c_p.l(__scatter_copy.o)
    0x0800011e   0x00000002   PAD
    0x08000120   0x0000001c   Code   RO          562    !!handler_zi        c_p.l(__scatter_zi.o)
    0x0800013c   0x00000002   Code   RO          363    .ARM.Collect$$_printf_percent$$00000000  c_p.l(_printf_percent.o)
    0x0800013e   0x0000000a   Code   RO          362    .ARM.Collect$$_printf_percent$$00000009  c_p.l(_printf_d.o)
    0x08000148   0x00000004   Code   RO          393    .ARM.Collect$$_printf_percent$$00000017  c_p.l(_printf_percent_end.o)
    0x0800014c   0x00000002   Code   RO          430    .ARM.Collect$$libinit$$00000000  c_p.l(libinit.o)
    0x0800014e   0x00000004   Code   RO          443    .ARM.Collect$$libinit$$00000001  c_p.l(libinit2.o)
    0x08000152   0x00000000   Code   RO          447    .ARM.Collect$$libinit$$00000008  c_p.l(libinit2.o)
    0x08000152   0x00000000   Code   RO          449    .ARM.Collect$$libinit$$0000000A  c_p.l(libinit2.o)
    0x08000152   0x00000000   Code   RO          451    .ARM.Collect$$libinit$$0000000C  c_p.l(libinit2.o)
    0x08000152   0x00000000   Code   RO          454    .ARM.Collect$$libinit$$0000000F  c_p.l(libinit2.o)
    0x08000152   0x00000000   Code   RO          456    .ARM.Collect$$libinit$$00000011  c_p.l(libinit2.o)
    0x08000152   0x00000000   Code   RO          458    .ARM.Collect$$libinit$$00000013  c_p.l(libinit2.o)
    0x08000152   0x00000000   Code   RO          460    .ARM.Collect$$libinit$$00000015  c_p.l(libinit2.o)
    0x08000152   0x00000000   Code   RO          462    .ARM.Collect$$libinit$$00000017  c_p.l(libinit2.o)
    0x08000152   0x00000000   Code   RO          464    .ARM.Collect$$libinit$$00000019  c_p.l(libinit2.o)
    0x08000152   0x00000000   Code   RO          466    .ARM.Collect$$libinit$$0000001B  c_p.l(libinit2.o)
    0x08000152   0x00000000   Code   RO          468    .ARM.Collect$$libinit$$0000001D  c_p.l(libinit2.o)
    0x08000152   0x00000000   Code   RO          470    .ARM.Collect$$libinit$$0000001F  c_p.l(libinit2.o)
    0x08000152   0x00000000   Code   RO          472    .ARM.Collect$$libinit$$00000021  c_p.l(libinit2.o)
    0x08000152   0x00000000   Code   RO          474    .ARM.Collect$$libinit$$00000023  c_p.l(libinit2.o)
    0x08000152   0x00000000   Code   RO          478    .ARM.Collect$$libinit$$0000002A  c_p.l(libinit2.o)
    0x08000152   0x00000000   Code   RO          480    .ARM.Collect$$libinit$$0000002C  c_p.l(libinit2.o)
    0x08000152   0x00000000   Code   RO          482    .ARM.Collect$$libinit$$0000002E  c_p.l(libinit2.o)
    0x08000152   0x00000000   Code   RO          484    .ARM.Collect$$libinit$$00000030  c_p.l(libinit2.o)
    0x08000152   0x00000002   Code   RO          485    .ARM.Collect$$libinit$$00000031  c_p.l(libinit2.o)
    0x08000154   0x00000002   Code   RO          516    .ARM.Collect$$libshutdown$$00000000  c_p.l(libshutdown.o)
    0x08000156   0x00000000   Code   RO          543    .ARM.Collect$$libshutdown$$00000003  c_p.l(libshutdown2.o)
    0x08000156   0x00000000   Code   RO          546    .ARM.Collect$$libshutdown$$00000006  c_p.l(libshutdown2.o)
    0x08000156   0x00000000   Code   RO          549    .ARM.Collect$$libshutdown$$00000009  c_p.l(libshutdown2.o)
    0x08000156   0x00000000   Code   RO          551    .ARM.Collect$$libshutdown$$0000000B  c_p.l(libshutdown2.o)
    0x08000156   0x00000000   Code   RO          554    .ARM.Collect$$libshutdown$$0000000E  c_p.l(libshutdown2.o)
    0x08000156   0x00000002   Code   RO          555    .ARM.Collect$$libshutdown$$0000000F  c_p.l(libshutdown2.o)
    0x08000158   0x00000000   Code   RO          382    .ARM.Collect$$rtentry$$00000000  c_p.l(rtentry.o)
    0x08000158   0x00000000   Code   RO          398    .ARM.Collect$$rtentry$$00000002  c_p.l(rtentry2.o)
    0x08000158   0x00000006   Code   RO          410    .ARM.Collect$$rtentry$$00000004  c_p.l(rtentry4.o)
    0x0800015e   0x00000000   Code   RO          400    .ARM.Collect$$rtentry$$00000009  c_p.l(rtentry2.o)
    0x0800015e   0x00000004   Code   RO          401    .ARM.Collect$$rtentry$$0000000A  c_p.l(rtentry2.o)
    0x08000162   0x00000000   Code   RO          403    .ARM.Collect$$rtentry$$0000000C  c_p.l(rtentry2.o)
    0x08000162   0x00000008   Code   RO          404    .ARM.Collect$$rtentry$$0000000D  c_p.l(rtentry2.o)
    0x0800016a   0x00000002   Code   RO          435    .ARM.Collect$$rtexit$$00000000  c_p.l(rtexit.o)
    0x0800016c   0x00000000   Code   RO          489    .ARM.Collect$$rtexit$$00000002  c_p.l(rtexit2.o)
    0x0800016c   0x00000004   Code   RO          490    .ARM.Collect$$rtexit$$00000003  c_p.l(rtexit2.o)
    0x08000170   0x00000006   Code   RO          491    .ARM.Collect$$rtexit$$00000004  c_p.l(rtexit2.o)
    0x08000176   0x00000002   PAD
    0x08000178   0x00000038   Code   RO            4  * .text               startup_stm32f051.o
    0x080001b0   0x000001f4   Code   RO           12    .text               system_stm32f0xx.o
    0x080003a4   0x00000c00   Code   RO          120    .text               stm32f0xx_tim.o
    0x08000fa4   0x000000b4   Code   RO          144    .text               stm32f0xx_misc.o
    0x08001058   0x000006c8   Code   RO          164    .text               stm32f0xx_rcc.o
    0x08001720   0x00000208   Code   RO          186    .text               stm32f0xx_gpio.o
    0x08001928   0x00000590   Code   RO          206    .text               stm32f0xx_usart.o
    0x08001eb8   0x0000005c   Code   RO          226    .text               main.o
    0x08001f14   0x000000e0   Code   RO          259    .text               util.o
    0x08001ff4   0x00000244   Code   RO          284    .text               soniclib.o
    0x08002238   0x0000025c   Code   RO          308    .text               serial.o
    0x08002494   0x00000028   Code   RO          336    .text               c_p.l(noretval__2sprintf.o)
    0x080024bc   0x0000006c   Code   RO          338    .text               c_p.l(__printf.o)
    0x08002528   0x0000006c   Code   RO          340    .text               c_p.l(_printf_dec.o)
    0x08002594   0x00000088   Code   RO          364    .text               c_p.l(strcmp.o)
    0x0800261c   0x0000015a   Code   RO          366    .text               c_p.l(aeabi_sdiv.o)
    0x08002776   0x00000006   Code   RO          370    .text               c_p.l(heapauxi.o)
    0x0800277c   0x0000034c   Code   RO          374    .text               fz_ps.l(daddsub.o)
    0x08002ac8   0x00000048   Code   RO          376    .text               fz_ps.l(dfixui.o)
    0x08002b10   0x00000058   Code   RO          378    .text               fz_ps.l(dflti.o)
    0x08002b68   0x00000258   Code   RO          380    .text               fz_ps.l(dmul.o)
    0x08002dc0   0x000000b0   Code   RO          387    .text               c_p.l(_printf_intcommon.o)
    0x08002e70   0x00000030   Code   RO          389    .text               c_p.l(_printf_char_common.o)
    0x08002ea0   0x0000000a   Code   RO          391    .text               c_p.l(_sputc.o)
    0x08002eaa   0x00000028   Code   RO          394    .text               c_p.l(rtudiv10.o)
    0x08002ed2   0x0000003e   Code   RO          416    .text               c_p.l(sys_stackheap_outer.o)
    0x08002f10   0x0000000c   Code   RO          419    .text               c_p.l(exit.o)
    0x08002f1c   0x00000008   Code   RO          431    .text               c_p.l(libspace.o)
    0x08002f24   0x0000000c   Code   RO          486    .text               c_p.l(sys_exit.o)
    0x08002f30   0x00000002   Code   RO          505    .text               c_p.l(use_no_semi.o)
    0x08002f32   0x00000000   Code   RO          507    .text               c_p.l(indicate_semi.o)
    0x08002f32   0x00000000   Code   RO          396    x$fpl$usenofp       fz_ps.l(usenofp.o)
    0x08002f32   0x00000002   PAD
    0x08002f34   0x00000020   Data   RO          556    Region$$Table       anon$$obj.o


    Execution Region ER_RW (Base: 0x20000000, Size: 0x00000034, Max: 0xffffffff, ABSOLUTE)

    Base Addr    Size         Type   Attr      Idx    E Section Name        Object

    0x20000000   0x00000014   Data   RW           13    .data               system_stm32f0xx.o
    0x20000014   0x00000010   Data   RW          165    .data               stm32f0xx_rcc.o
    0x20000024   0x00000004   Data   RW          260    .data               util.o
    0x20000028   0x00000008   Data   RW          286    .data               soniclib.o
    0x20000030   0x00000004   Data   RW          310    .data               serial.o


    Execution Region ER_ZI (Base: 0x20000034, Size: 0x00000894, Max: 0xffffffff, ABSOLUTE)

    Base Addr    Size         Type   Attr      Idx    E Section Name        Object

    0x20000034   0x00000020   Zero   RW          285    .bss                soniclib.o
    0x20000054   0x00000210   Zero   RW          309    .bss                serial.o
    0x20000264   0x00000060   Zero   RW          432    .bss                c_p.l(libspace.o)
    0x200002c4   0x00000004   PAD
    0x200002c8   0x00000200   Zero   RW            2    HEAP                startup_stm32f051.o
    0x200004c8   0x00000400   Zero   RW            1    STACK               startup_stm32f051.o


==============================================================================

Image component sizes


      Code (inc. data)   RO Data    RW Data    ZI Data      Debug   Object Name

        92         16          0          0          0        531   main.o
       604         44          0          4        528       2720   serial.o
       580         62          0          8         32       1947   soniclib.o
        56         26        192          0       1536        624   startup_stm32f051.o
       520         26          0          0          0       3709   stm32f0xx_gpio.o
       180         14          0          0          0       1376   stm32f0xx_misc.o
      1736         46          0         16          0       8960   stm32f0xx_rcc.o
      3072        138          0          0          0      22313   stm32f0xx_tim.o
      1424         26          0          0          0      11866   stm32f0xx_usart.o
       500         34          0         20          0     194575   system_stm32f0xx.o
       224         24          0          4          0       7227   util.o

    ----------------------------------------------------------------------
      8988        456        224         52       2096     255848   Object Totals
         0          0         32          0          0          0   (incl. Generated)
         0          0          0          0          0          0   (incl. Padding)

    ----------------------------------------------------------------------

      Code (inc. data)   RO Data    RW Data    ZI Data      Debug   Library Member Name

         8          0          0          0          0         68   __main.o
       108          0          0          0          0         76   __printf.o
        60          8          0          0          0          0   __scatter.o
        26          0          0          0          0          0   __scatter_copy.o
        28          0          0          0          0          0   __scatter_zi.o
        48          6          0          0          0         88   _printf_char_common.o
        10          0          0          0          0          0   _printf_d.o
       108         18          0          0          0         76   _printf_dec.o
       176          0          0          0          0         84   _printf_intcommon.o
         2          0          0          0          0          0   _printf_percent.o
         4          0          0          0          0          0   _printf_percent_end.o
        10          0          0          0          0         60   _sputc.o
       346          0          0          0          0         92   aeabi_sdiv.o
        12          0          0          0          0         64   exit.o
         6          0          0          0          0        136   heapauxi.o
         0          0          0          0          0          0   indicate_semi.o
         2          0          0          0          0          0   libinit.o
         6          0          0          0          0          0   libinit2.o
         2          0          0          0          0          0   libshutdown.o
         2          0          0          0          0          0   libshutdown2.o
         8          4          0          0         96         68   libspace.o
        40          4          0          0          0         84   noretval__2sprintf.o
         0          0          0          0          0          0   rtentry.o
        12          0          0          0          0          0   rtentry2.o
         6          0          0          0          0          0   rtentry4.o
         2          0          0          0          0          0   rtexit.o
        10          0          0          0          0          0   rtexit2.o
        40          0          0          0          0         60   rtudiv10.o
       136          4          0          0          0         72   strcmp.o
        12          4          0          0          0         60   sys_exit.o
        62          0          0          0          0         80   sys_stackheap_outer.o
         2          0          0          0          0         68   use_no_semi.o
       844         22          0          0          0        228   daddsub.o
        72         10          0          0          0         68   dfixui.o
        88          0          0          0          0         92   dflti.o
       600         22          0          0          0         84   dmul.o
         0          0          0          0          0          0   usenofp.o

    ----------------------------------------------------------------------
      2904        102          0          0        100       1708   Library Totals
         6          0          0          0          4          0   (incl. Padding)

    ----------------------------------------------------------------------

      Code (inc. data)   RO Data    RW Data    ZI Data      Debug   Library Name

      1294         48          0          0         96       1236   c_p.l
      1604         54          0          0          0        472   fz_ps.l

    ----------------------------------------------------------------------
      2904        102          0          0        100       1708   Library Totals

    ----------------------------------------------------------------------

==============================================================================


      Code (inc. data)   RO Data    RW Data    ZI Data      Debug   

     11892        558        224         52       2196     255800   Grand Totals
     11892        558        224         52       2196     255800   ELF Image Totals
     11892        558        224         52          0          0   ROM Totals

==============================================================================

    Total RO  Size (Code + RO Data)                12116 (  11.83kB)
    Total RW  Size (RW Data + ZI Data)              2248 (   2.20kB)
    Total ROM Size (Code + RO Data + RW Data)      12168 (  11.88kB)

==============================================================================

