<html>
<body>
<pre>
<h1>µVision Build Log</h1>
<h2>Project:</h2>
C:\Users\Aayush\Documents\7th Semester\Embedded Systems\workspace\sunn\ultrasonic\ultrasonic\ultrasonic.uvproj
Project File Date:  12/06/2014

<h2>Output:</h2>
Rebuild target 'Target 1'
assembling startup_stm32f051.s...
compiling system_stm32f0xx.c...
compiling stm32f0xx_tim.c...
compiling stm32f0xx_misc.c...
compiling stm32f0xx_rcc.c...
compiling stm32f0xx_gpio.c...
compiling stm32f0xx_usart.c...
compiling main.c...
.\inc\soniclib.h(40): warning:  #1-D: last line of file ends without a newline
  #endif
main\main.c: 1 warning, 0 errors
compiling util.c...
compiling soniclib.c...
.\inc\soniclib.h(40): warning:  #1-D: last line of file ends without a newline
  #endif
src\soniclib.c: 1 warning, 0 errors
compiling serial.c...
src\serial.c(125): warning:  #68-D: integer conversion resulted in a change of sign
                return -1;
src\serial.c: 1 warning, 0 errors
linking...
Program Size: Code=11892 RO-data=224 RW-data=52 ZI-data=2196  
".\output\ultrasonic.axf" - 0 Error(s), 3 Warning(s).
Load "C:\\Users\\Aayush\\Documents\\7th Semester\\Embedded Systems\\workspace\\sunn\\ultrasonic\\ultrasonic\\output\\ultrasonic.axf" 
Erase Done.
Programming Done.
Verify OK.
</pre>
</body>
</html>
